Oct  7 18:04:12 kernel1 kernel: [    0.000000] microcode: microcode updated early to revision 0x718, date = 2019-05-21
Oct  7 18:04:12 kernel1 kernel: [    0.000000] Linux version 4.19.73-15 (pbuilder@kernel1.search.yandex.net) (gcc version 5.4.0 20160609 (Ubuntu 5.4.0-6ubuntu1~16.04.11)) #1 SMP Wed Sep 18 09:41:35 UTC 2019
Oct  7 18:04:12 kernel1 kernel: [    0.000000] Command line: BOOT_IMAGE=/boot/vmlinuz-4.19.73-15 root=UUID=f44ab39c-db23-4cc2-8d40-08cad09297b4 ro consoleblank=0 biosdevname=0 net.ifnames=0 ignore_loglevel console=tty console=ttyS1,115200n8 crashkernel=384M-:128M
Oct  7 18:04:12 kernel1 kernel: [    0.000000] KERNEL supported cpus:
Oct  7 18:04:12 kernel1 kernel: [    0.000000]   Intel GenuineIntel
Oct  7 18:04:12 kernel1 kernel: [    0.000000]   AMD AuthenticAMD
Oct  7 18:04:12 kernel1 kernel: [    0.000000] x86/fpu: Supporting XSAVE feature 0x001: 'x87 floating point registers'
Oct  7 18:04:12 kernel1 kernel: [    0.000000] x86/fpu: Supporting XSAVE feature 0x002: 'SSE registers'
Oct  7 18:04:12 kernel1 kernel: [    0.000000] x86/fpu: Supporting XSAVE feature 0x004: 'AVX registers'
Oct  7 18:04:12 kernel1 kernel: [    0.000000] x86/fpu: xstate_offset[2]:  576, xstate_sizes[2]:  256
Oct  7 18:04:12 kernel1 kernel: [    0.000000] x86/fpu: Enabled xstate features 0x7, context size is 832 bytes, using 'standard' format.
Oct  7 18:04:12 kernel1 kernel: [    0.000000] BIOS-provided physical RAM map:
Oct  7 18:04:12 kernel1 kernel: [    0.000000] BIOS-e820: [mem 0x0000000000000000-0x000000000009abff] usable
Oct  7 18:04:12 kernel1 kernel: [    0.000000] BIOS-e820: [mem 0x000000000009ac00-0x000000000009ffff] reserved
Oct  7 18:04:12 kernel1 kernel: [    0.000000] BIOS-e820: [mem 0x00000000000e0000-0x00000000000fffff] reserved
Oct  7 18:04:12 kernel1 kernel: [    0.000000] BIOS-e820: [mem 0x0000000000100000-0x000000007de16fff] usable
Oct  7 18:04:12 kernel1 kernel: [    0.000000] BIOS-e820: [mem 0x000000007de17000-0x000000007dea5fff] reserved
Oct  7 18:04:12 kernel1 kernel: [    0.000000] BIOS-e820: [mem 0x000000007dea6000-0x000000007dfaefff] ACPI data
Oct  7 18:04:12 kernel1 kernel: [    0.000000] BIOS-e820: [mem 0x000000007dfaf000-0x000000007e1cafff] ACPI NVS
Oct  7 18:04:12 kernel1 kernel: [    0.000000] BIOS-e820: [mem 0x000000007e1cb000-0x000000007f354fff] reserved
Oct  7 18:04:12 kernel1 kernel: [    0.000000] BIOS-e820: [mem 0x000000007f355000-0x000000007f7fffff] ACPI NVS
Oct  7 18:04:12 kernel1 kernel: [    0.000000] BIOS-e820: [mem 0x0000000080000000-0x000000008fffffff] reserved
Oct  7 18:04:12 kernel1 kernel: [    0.000000] BIOS-e820: [mem 0x00000000fed1c000-0x00000000fed3ffff] reserved
Oct  7 18:04:12 kernel1 kernel: [    0.000000] BIOS-e820: [mem 0x00000000ff000000-0x00000000ffffffff] reserved
Oct  7 18:04:12 kernel1 kernel: [    0.000000] BIOS-e820: [mem 0x0000000100000000-0x000000107fffffff] usable
Oct  7 18:04:12 kernel1 kernel: [    0.000000] debug: ignoring loglevel setting.
Oct  7 18:04:12 kernel1 kernel: [    0.000000] NX (Execute Disable) protection: active
Oct  7 18:04:12 kernel1 kernel: [    0.000000] SMBIOS 2.7 present.
Oct  7 18:04:12 kernel1 kernel: [    0.000000] DMI: Supermicro X9DRW/X9DRW, BIOS 3.0c 10/30/2014
Oct  7 18:04:12 kernel1 kernel: [    0.000000] tsc: Fast TSC calibration using PIT
Oct  7 18:04:12 kernel1 kernel: [    0.000000] tsc: Detected 2199.987 MHz processor
Oct  7 18:04:12 kernel1 kernel: [    0.002249] e820: update [mem 0x00000000-0x00000fff] usable ==> reserved
Oct  7 18:04:12 kernel1 kernel: [    0.002252] e820: remove [mem 0x000a0000-0x000fffff] usable
Oct  7 18:04:12 kernel1 kernel: [    0.002259] last_pfn = 0x1080000 max_arch_pfn = 0x400000000
Oct  7 18:04:12 kernel1 kernel: [    0.002265] MTRR default type: uncachable
Oct  7 18:04:12 kernel1 kernel: [    0.002266] MTRR fixed ranges enabled:
Oct  7 18:04:12 kernel1 kernel: [    0.002268]   00000-9FFFF write-back
Oct  7 18:04:12 kernel1 kernel: [    0.002269]   A0000-BFFFF uncachable
Oct  7 18:04:12 kernel1 kernel: [    0.002270]   C0000-FFFFF write-protect
Oct  7 18:04:12 kernel1 kernel: [    0.002271] MTRR variable ranges enabled:
Oct  7 18:04:12 kernel1 kernel: [    0.002273]   0 base 000000000000 mask 3FF000000000 write-back
Oct  7 18:04:12 kernel1 kernel: [    0.002275]   1 base 001000000000 mask 3FFF80000000 write-back
Oct  7 18:04:12 kernel1 kernel: [    0.002277]   2 base 000080000000 mask 3FFF80000000 uncachable
Oct  7 18:04:12 kernel1 kernel: [    0.002278]   3 disabled
Oct  7 18:04:12 kernel1 kernel: [    0.002279]   4 disabled
Oct  7 18:04:12 kernel1 kernel: [    0.002280]   5 disabled
Oct  7 18:04:12 kernel1 kernel: [    0.002281]   6 disabled
Oct  7 18:04:12 kernel1 kernel: [    0.002281]   7 disabled
Oct  7 18:04:12 kernel1 kernel: [    0.002282]   8 disabled
Oct  7 18:04:12 kernel1 kernel: [    0.002283]   9 disabled
Oct  7 18:04:12 kernel1 kernel: [    0.004073] x86/PAT: Configuration [0-7]: WB  WC  UC- UC  WB  WP  UC- WT  
Oct  7 18:04:12 kernel1 kernel: [    0.004607] total RAM covered: 65536M
Oct  7 18:04:12 kernel1 kernel: [    0.005249] Found optimal setting for mtrr clean up
Oct  7 18:04:12 kernel1 kernel: [    0.005251]  gran_size: 64K 	chunk_size: 64K 	num_reg: 6  	lose cover RAM: 0G
Oct  7 18:04:12 kernel1 kernel: [    0.006953] e820: update [mem 0x80000000-0xffffffff] usable ==> reserved
Oct  7 18:04:12 kernel1 kernel: [    0.006960] last_pfn = 0x7de17 max_arch_pfn = 0x400000000
Oct  7 18:04:12 kernel1 kernel: [    0.018907] found SMP MP-table at [mem 0x000fdbb0-0x000fdbbf]
Oct  7 18:04:12 kernel1 kernel: [    0.033437] Scanning 1 areas for low memory corruption
Oct  7 18:04:12 kernel1 kernel: [    0.033444] Using GB pages for direct mapping
Oct  7 18:04:12 kernel1 kernel: [    0.033447] BRK [0x02a01000, 0x02a01fff] PGTABLE
Oct  7 18:04:12 kernel1 kernel: [    0.033450] BRK [0x02a02000, 0x02a02fff] PGTABLE
Oct  7 18:04:12 kernel1 kernel: [    0.033452] BRK [0x02a03000, 0x02a03fff] PGTABLE
Oct  7 18:04:12 kernel1 kernel: [    0.033767] RAMDISK: [mem 0x35332000-0x36990fff]
Oct  7 18:04:12 kernel1 kernel: [    0.033775] ACPI: Early table checksum verification disabled
Oct  7 18:04:12 kernel1 kernel: [    0.033837] ACPI: RSDP 0x00000000000F04A0 000024 (v02 SUPERM)
Oct  7 18:04:12 kernel1 kernel: [    0.033841] ACPI: XSDT 0x000000007DEDB090 00009C (v01 SUPERM SMCI--MB 00000001 AMI  00010013)
Oct  7 18:04:12 kernel1 kernel: [    0.033849] ACPI: FACP 0x000000007DEE6110 0000F4 (v04 SUPERM SMCI--MB 00000001 AMI  00010013)
Oct  7 18:04:12 kernel1 kernel: [    0.033856] ACPI: DSDT 0x000000007DEDB1B8 00AF53 (v02 SUPERM SMCI--MB 00000000 INTL 20091112)
Oct  7 18:04:12 kernel1 kernel: [    0.033861] ACPI: FACS 0x000000007E1C2080 000040
Oct  7 18:04:12 kernel1 kernel: [    0.033864] ACPI: APIC 0x000000007DEE6208 000224 (v03                 00000001 AMI  00010013)
Oct  7 18:04:12 kernel1 kernel: [    0.033868] ACPI: FPDT 0x000000007DEE6430 000044 (v01                 00000001 AMI  00010013)
Oct  7 18:04:12 kernel1 kernel: [    0.033872] ACPI: SRAT 0x000000007DEE6478 0004B0 (v01 A M I  AMI SRAT 00000001 AMI. 00000000)
Oct  7 18:04:12 kernel1 kernel: [    0.033876] ACPI: SLIT 0x000000007DEE6928 000030 (v01 A M I  AMI SLIT 00000000 AMI. 00000000)
Oct  7 18:04:12 kernel1 kernel: [    0.033880] ACPI: HPET 0x000000007DEE6958 000038 (v01 SUPERM SMCI--MB 00000001 AMI. 00000005)
Oct  7 18:04:12 kernel1 kernel: [    0.033884] ACPI: PRAD 0x000000007DEE6990 0000BE (v02 PRADID PRADTID  00000001 MSFT 04000000)
Oct  7 18:04:12 kernel1 kernel: [    0.033888] ACPI: SPMI 0x000000007DEE6A50 000040 (v05 A M I  OEMSPMI  00000000 AMI. 00000000)
Oct  7 18:04:12 kernel1 kernel: [    0.033892] ACPI: SSDT 0x000000007DEE6A90 0C7AE8 (v02 INTEL  CpuPm    00004000 INTL 20091112)
Oct  7 18:04:12 kernel1 kernel: [    0.033896] ACPI: EINJ 0x000000007DFAE578 000130 (v01 AMI    AMI EINJ 00000000      00000000)
Oct  7 18:04:12 kernel1 kernel: [    0.033900] ACPI: ERST 0x000000007DFAE6A8 000230 (v01 AMIER  AMI ERST 00000000      00000000)
Oct  7 18:04:12 kernel1 kernel: [    0.033904] ACPI: HEST 0x000000007DFAE8D8 0000A8 (v01 AMI    AMI HEST 00000000      00000000)
Oct  7 18:04:12 kernel1 kernel: [    0.033908] ACPI: BERT 0x000000007DFAE980 000030 (v01 AMI    AMI BERT 00000000      00000000)
Oct  7 18:04:12 kernel1 kernel: [    0.033912] ACPI: DMAR 0x000000007DFAE9B0 000138 (v01 A M I  OEMDMAR  00000001 INTL 00000001)
Oct  7 18:04:12 kernel1 kernel: [    0.033916] ACPI: MCFG 0x000000007DFAEAE8 00003C (v01 SUPERM SMCI--MB 00000001 MSFT 00000097)
Oct  7 18:04:12 kernel1 kernel: [    0.033926] ACPI: Local APIC address 0xfee00000
Oct  7 18:04:12 kernel1 kernel: [    0.033954] SRAT: PXM 0 -> APIC 0x00 -> Node 0
Oct  7 18:04:12 kernel1 kernel: [    0.033955] SRAT: PXM 0 -> APIC 0x01 -> Node 0
Oct  7 18:04:12 kernel1 kernel: [    0.033956] SRAT: PXM 0 -> APIC 0x02 -> Node 0
Oct  7 18:04:12 kernel1 kernel: [    0.033957] SRAT: PXM 0 -> APIC 0x03 -> Node 0
Oct  7 18:04:12 kernel1 kernel: [    0.033958] SRAT: PXM 0 -> APIC 0x04 -> Node 0
Oct  7 18:04:12 kernel1 kernel: [    0.033959] SRAT: PXM 0 -> APIC 0x05 -> Node 0
Oct  7 18:04:12 kernel1 kernel: [    0.033960] SRAT: PXM 0 -> APIC 0x06 -> Node 0
Oct  7 18:04:12 kernel1 kernel: [    0.033961] SRAT: PXM 0 -> APIC 0x07 -> Node 0
Oct  7 18:04:12 kernel1 kernel: [    0.033962] SRAT: PXM 0 -> APIC 0x08 -> Node 0
Oct  7 18:04:12 kernel1 kernel: [    0.033963] SRAT: PXM 0 -> APIC 0x09 -> Node 0
Oct  7 18:04:12 kernel1 kernel: [    0.033965] SRAT: PXM 0 -> APIC 0x0a -> Node 0
Oct  7 18:04:12 kernel1 kernel: [    0.033966] SRAT: PXM 0 -> APIC 0x0b -> Node 0
Oct  7 18:04:12 kernel1 kernel: [    0.033967] SRAT: PXM 0 -> APIC 0x0c -> Node 0
Oct  7 18:04:12 kernel1 kernel: [    0.033968] SRAT: PXM 0 -> APIC 0x0d -> Node 0
Oct  7 18:04:12 kernel1 kernel: [    0.033969] SRAT: PXM 0 -> APIC 0x0e -> Node 0
Oct  7 18:04:12 kernel1 kernel: [    0.033970] SRAT: PXM 0 -> APIC 0x0f -> Node 0
Oct  7 18:04:12 kernel1 kernel: [    0.033971] SRAT: PXM 1 -> APIC 0x20 -> Node 1
Oct  7 18:04:12 kernel1 kernel: [    0.033972] SRAT: PXM 1 -> APIC 0x21 -> Node 1
Oct  7 18:04:12 kernel1 kernel: [    0.033973] SRAT: PXM 1 -> APIC 0x22 -> Node 1
Oct  7 18:04:12 kernel1 kernel: [    0.033974] SRAT: PXM 1 -> APIC 0x23 -> Node 1
Oct  7 18:04:12 kernel1 kernel: [    0.033975] SRAT: PXM 1 -> APIC 0x24 -> Node 1
Oct  7 18:04:12 kernel1 kernel: [    0.033976] SRAT: PXM 1 -> APIC 0x25 -> Node 1
Oct  7 18:04:12 kernel1 kernel: [    0.033977] SRAT: PXM 1 -> APIC 0x26 -> Node 1
Oct  7 18:04:12 kernel1 kernel: [    0.033978] SRAT: PXM 1 -> APIC 0x27 -> Node 1
Oct  7 18:04:12 kernel1 kernel: [    0.033979] SRAT: PXM 1 -> APIC 0x28 -> Node 1
Oct  7 18:04:12 kernel1 kernel: [    0.033980] SRAT: PXM 1 -> APIC 0x29 -> Node 1
Oct  7 18:04:12 kernel1 kernel: [    0.033981] SRAT: PXM 1 -> APIC 0x2a -> Node 1
Oct  7 18:04:12 kernel1 kernel: [    0.033982] SRAT: PXM 1 -> APIC 0x2b -> Node 1
Oct  7 18:04:12 kernel1 kernel: [    0.033983] SRAT: PXM 1 -> APIC 0x2c -> Node 1
Oct  7 18:04:12 kernel1 kernel: [    0.033984] SRAT: PXM 1 -> APIC 0x2d -> Node 1
Oct  7 18:04:12 kernel1 kernel: [    0.033985] SRAT: PXM 1 -> APIC 0x2e -> Node 1
Oct  7 18:04:12 kernel1 kernel: [    0.033986] SRAT: PXM 1 -> APIC 0x2f -> Node 1
Oct  7 18:04:12 kernel1 kernel: [    0.033990] ACPI: SRAT: Node 0 PXM 0 [mem 0x00000000-0x7fffffff]
Oct  7 18:04:12 kernel1 kernel: [    0.033992] ACPI: SRAT: Node 0 PXM 0 [mem 0x100000000-0x87fffffff]
Oct  7 18:04:12 kernel1 kernel: [    0.033993] ACPI: SRAT: Node 1 PXM 1 [mem 0x880000000-0x107fffffff]
Oct  7 18:04:12 kernel1 kernel: [    0.033997] NUMA: Initialized distance table, cnt=2
Oct  7 18:04:12 kernel1 kernel: [    0.034000] NUMA: Node 0 [mem 0x00000000-0x7fffffff] + [mem 0x100000000-0x87fffffff] -> [mem 0x00000000-0x87fffffff]
Oct  7 18:04:12 kernel1 kernel: [    0.034004] NODE_DATA(0) allocated [mem 0x87fffb000-0x87fffffff]
Oct  7 18:04:12 kernel1 kernel: [    0.034009] NODE_DATA(1) allocated [mem 0x107fff8000-0x107fffcfff]
Oct  7 18:04:12 kernel1 kernel: [    0.034022] Reserving 128MB of memory at 720MB for crashkernel (System RAM: 65501MB)
Oct  7 18:04:12 kernel1 kernel: [    0.221380] Zone ranges:
Oct  7 18:04:12 kernel1 kernel: [    0.221385]   DMA      [mem 0x0000000000001000-0x0000000000ffffff]
Oct  7 18:04:12 kernel1 kernel: [    0.221387]   DMA32    [mem 0x0000000001000000-0x00000000ffffffff]
Oct  7 18:04:12 kernel1 kernel: [    0.221389]   Normal   [mem 0x0000000100000000-0x000000107fffffff]
Oct  7 18:04:12 kernel1 kernel: [    0.221391]   Device   empty
Oct  7 18:04:12 kernel1 kernel: [    0.221392] Movable zone start for each node
Oct  7 18:04:12 kernel1 kernel: [    0.221393] Early memory node ranges
Oct  7 18:04:12 kernel1 kernel: [    0.221395]   node   0: [mem 0x0000000000001000-0x0000000000099fff]
Oct  7 18:04:12 kernel1 kernel: [    0.221396]   node   0: [mem 0x0000000000100000-0x000000007de16fff]
Oct  7 18:04:12 kernel1 kernel: [    0.221397]   node   0: [mem 0x0000000100000000-0x000000087fffffff]
Oct  7 18:04:12 kernel1 kernel: [    0.221398]   node   1: [mem 0x0000000880000000-0x000000107fffffff]
Oct  7 18:04:12 kernel1 kernel: [    0.221405] Reserved but unavailable: 103 pages
Oct  7 18:04:12 kernel1 kernel: [    0.221407] Initmem setup node 0 [mem 0x0000000000001000-0x000000087fffffff]
Oct  7 18:04:12 kernel1 kernel: [    0.221410] On node 0 totalpages: 8379824
Oct  7 18:04:12 kernel1 kernel: [    0.221411]   DMA zone: 64 pages used for memmap
Oct  7 18:04:12 kernel1 kernel: [    0.221413]   DMA zone: 21 pages reserved
Oct  7 18:04:12 kernel1 kernel: [    0.221414]   DMA zone: 3993 pages, LIFO batch:0
Oct  7 18:04:12 kernel1 kernel: [    0.221557]   DMA32 zone: 7993 pages used for memmap
Oct  7 18:04:12 kernel1 kernel: [    0.221558]   DMA32 zone: 511511 pages, LIFO batch:63
Oct  7 18:04:12 kernel1 kernel: [    0.240273]   Normal zone: 122880 pages used for memmap
Oct  7 18:04:12 kernel1 kernel: [    0.240276]   Normal zone: 7864320 pages, LIFO batch:63
Oct  7 18:04:12 kernel1 kernel: [    0.476821] Initmem setup node 1 [mem 0x0000000880000000-0x000000107fffffff]
Oct  7 18:04:12 kernel1 kernel: [    0.476825] On node 1 totalpages: 8388608
Oct  7 18:04:12 kernel1 kernel: [    0.476827]   Normal zone: 131072 pages used for memmap
Oct  7 18:04:12 kernel1 kernel: [    0.476828]   Normal zone: 8388608 pages, LIFO batch:63
Oct  7 18:04:12 kernel1 kernel: [    0.736341] ACPI: PM-Timer IO Port: 0x408
Oct  7 18:04:12 kernel1 kernel: [    0.736346] ACPI: Local APIC address 0xfee00000
Oct  7 18:04:12 kernel1 kernel: [    0.736359] ACPI: LAPIC_NMI (acpi_id[0x00] high edge lint[0x1])
Oct  7 18:04:12 kernel1 kernel: [    0.736360] ACPI: LAPIC_NMI (acpi_id[0x02] high edge lint[0x1])
Oct  7 18:04:12 kernel1 kernel: [    0.736361] ACPI: LAPIC_NMI (acpi_id[0x04] high edge lint[0x1])
Oct  7 18:04:12 kernel1 kernel: [    0.736362] ACPI: LAPIC_NMI (acpi_id[0x06] high edge lint[0x1])
Oct  7 18:04:12 kernel1 kernel: [    0.736364] ACPI: LAPIC_NMI (acpi_id[0x08] high edge lint[0x1])
Oct  7 18:04:12 kernel1 kernel: [    0.736365] ACPI: LAPIC_NMI (acpi_id[0x0a] high edge lint[0x1])
Oct  7 18:04:12 kernel1 kernel: [    0.736366] ACPI: LAPIC_NMI (acpi_id[0x0c] high edge lint[0x1])
Oct  7 18:04:12 kernel1 kernel: [    0.736367] ACPI: LAPIC_NMI (acpi_id[0x0e] high edge lint[0x1])
Oct  7 18:04:12 kernel1 kernel: [    0.736368] ACPI: LAPIC_NMI (acpi_id[0x10] high edge lint[0x1])
Oct  7 18:04:12 kernel1 kernel: [    0.736369] ACPI: LAPIC_NMI (acpi_id[0x12] high edge lint[0x1])
Oct  7 18:04:12 kernel1 kernel: [    0.736371] ACPI: LAPIC_NMI (acpi_id[0x14] high edge lint[0x1])
Oct  7 18:04:12 kernel1 kernel: [    0.736372] ACPI: LAPIC_NMI (acpi_id[0x16] high edge lint[0x1])
Oct  7 18:04:12 kernel1 kernel: [    0.736373] ACPI: LAPIC_NMI (acpi_id[0x18] high edge lint[0x1])
Oct  7 18:04:12 kernel1 kernel: [    0.736374] ACPI: LAPIC_NMI (acpi_id[0x1a] high edge lint[0x1])
Oct  7 18:04:12 kernel1 kernel: [    0.736375] ACPI: LAPIC_NMI (acpi_id[0x1c] high edge lint[0x1])
Oct  7 18:04:12 kernel1 kernel: [    0.736376] ACPI: LAPIC_NMI (acpi_id[0x1e] high edge lint[0x1])
Oct  7 18:04:12 kernel1 kernel: [    0.736377] ACPI: LAPIC_NMI (acpi_id[0x01] high edge lint[0x1])
Oct  7 18:04:12 kernel1 kernel: [    0.736378] ACPI: LAPIC_NMI (acpi_id[0x03] high edge lint[0x1])
Oct  7 18:04:12 kernel1 kernel: [    0.736379] ACPI: LAPIC_NMI (acpi_id[0x05] high edge lint[0x1])
Oct  7 18:04:12 kernel1 kernel: [    0.736380] ACPI: LAPIC_NMI (acpi_id[0x07] high edge lint[0x1])
Oct  7 18:04:12 kernel1 kernel: [    0.736382] ACPI: LAPIC_NMI (acpi_id[0x09] high edge lint[0x1])
Oct  7 18:04:12 kernel1 kernel: [    0.736383] ACPI: LAPIC_NMI (acpi_id[0x0b] high edge lint[0x1])
Oct  7 18:04:12 kernel1 kernel: [    0.736384] ACPI: LAPIC_NMI (acpi_id[0x0d] high edge lint[0x1])
Oct  7 18:04:12 kernel1 kernel: [    0.736385] ACPI: LAPIC_NMI (acpi_id[0x0f] high edge lint[0x1])
Oct  7 18:04:12 kernel1 kernel: [    0.736386] ACPI: LAPIC_NMI (acpi_id[0x11] high edge lint[0x1])
Oct  7 18:04:12 kernel1 kernel: [    0.736387] ACPI: LAPIC_NMI (acpi_id[0x13] high edge lint[0x1])
Oct  7 18:04:12 kernel1 kernel: [    0.736388] ACPI: LAPIC_NMI (acpi_id[0x15] high edge lint[0x1])
Oct  7 18:04:12 kernel1 kernel: [    0.736389] ACPI: LAPIC_NMI (acpi_id[0x17] high edge lint[0x1])
Oct  7 18:04:12 kernel1 kernel: [    0.736390] ACPI: LAPIC_NMI (acpi_id[0x19] high edge lint[0x1])
Oct  7 18:04:12 kernel1 kernel: [    0.736391] ACPI: LAPIC_NMI (acpi_id[0x1b] high edge lint[0x1])
Oct  7 18:04:12 kernel1 kernel: [    0.736393] ACPI: LAPIC_NMI (acpi_id[0x1d] high edge lint[0x1])
Oct  7 18:04:12 kernel1 kernel: [    0.736394] ACPI: LAPIC_NMI (acpi_id[0x1f] high edge lint[0x1])
Oct  7 18:04:12 kernel1 kernel: [    0.736405] IOAPIC[0]: apic_id 0, version 32, address 0xfec00000, GSI 0-23
Oct  7 18:04:12 kernel1 kernel: [    0.736410] IOAPIC[1]: apic_id 2, version 32, address 0xfec01000, GSI 24-47
Oct  7 18:04:12 kernel1 kernel: [    0.736414] IOAPIC[2]: apic_id 3, version 32, address 0xfec40000, GSI 48-71
Oct  7 18:04:12 kernel1 kernel: [    0.736418] ACPI: INT_SRC_OVR (bus 0 bus_irq 0 global_irq 2 dfl dfl)
Oct  7 18:04:12 kernel1 kernel: [    0.736420] ACPI: INT_SRC_OVR (bus 0 bus_irq 9 global_irq 9 high level)
Oct  7 18:04:12 kernel1 kernel: [    0.736423] ACPI: IRQ0 used by override.
Oct  7 18:04:12 kernel1 kernel: [    0.736425] ACPI: IRQ9 used by override.
Oct  7 18:04:12 kernel1 kernel: [    0.736428] Using ACPI (MADT) for SMP configuration information
Oct  7 18:04:12 kernel1 kernel: [    0.736431] ACPI: HPET id: 0x8086a701 base: 0xfed00000
Oct  7 18:04:12 kernel1 kernel: [    0.736438] smpboot: Allowing 32 CPUs, 0 hotplug CPUs
Oct  7 18:04:12 kernel1 kernel: [    0.736459] [mem 0x90000000-0xfed1bfff] available for PCI devices
Oct  7 18:04:12 kernel1 kernel: [    0.736461] Booting paravirtualized kernel on bare hardware
Oct  7 18:04:12 kernel1 kernel: [    0.736464] clocksource: refined-jiffies: mask: 0xffffffff max_cycles: 0xffffffff, max_idle_ns: 7645519600211568 ns
Oct  7 18:04:12 kernel1 kernel: [    0.887320] random: get_random_bytes called from start_kernel+0x94/0x546 with crng_init=0
Oct  7 18:04:12 kernel1 kernel: [    0.887329] setup_percpu: NR_CPUS:256 nr_cpumask_bits:256 nr_cpu_ids:32 nr_node_ids:2
Oct  7 18:04:12 kernel1 kernel: [    0.889130] percpu: Embedded 44 pages/cpu s143256 r8192 d28776 u262144
Oct  7 18:04:12 kernel1 kernel: [    0.889139] pcpu-alloc: s143256 r8192 d28776 u262144 alloc=1*2097152
Oct  7 18:04:12 kernel1 kernel: [    0.889141] pcpu-alloc: [0] 00 01 02 03 04 05 06 07 [0] 16 17 18 19 20 21 22 23 
Oct  7 18:04:12 kernel1 kernel: [    0.889150] pcpu-alloc: [1] 08 09 10 11 12 13 14 15 [1] 24 25 26 27 28 29 30 31 
Oct  7 18:04:12 kernel1 kernel: [    0.889184] Built 2 zonelists, mobility grouping on.  Total pages: 16506402
Oct  7 18:04:12 kernel1 kernel: [    0.889185] Policy zone: Normal
Oct  7 18:04:12 kernel1 kernel: [    0.889188] Kernel command line: BOOT_IMAGE=/boot/vmlinuz-4.19.73-15 root=UUID=f44ab39c-db23-4cc2-8d40-08cad09297b4 ro consoleblank=0 biosdevname=0 net.ifnames=0 ignore_loglevel console=tty console=ttyS1,115200n8 crashkernel=384M-:128M
Oct  7 18:04:12 kernel1 kernel: [    1.114626] Memory: 65772624K/67073728K available (12300K kernel code, 1438K rwdata, 3472K rodata, 1568K init, 1636K bss, 1301104K reserved, 0K cma-reserved)
Oct  7 18:04:12 kernel1 kernel: [    1.114869] SLUB: HWalign=64, Order=0-3, MinObjects=0, CPUs=32, Nodes=2
Oct  7 18:04:12 kernel1 kernel: [    1.114880] Kernel/User page tables isolation: enabled
Oct  7 18:04:12 kernel1 kernel: [    1.114933] ftrace: allocating 35929 entries in 141 pages
Oct  7 18:04:12 kernel1 kernel: [    1.132880] rcu: Hierarchical RCU implementation.
Oct  7 18:04:12 kernel1 kernel: [    1.132882] rcu: 	RCU restricting CPUs from NR_CPUS=256 to nr_cpu_ids=32.
Oct  7 18:04:12 kernel1 kernel: [    1.132883] 	Tasks RCU enabled.
Oct  7 18:04:12 kernel1 kernel: [    1.132885] rcu: Adjusting geometry for rcu_fanout_leaf=16, nr_cpu_ids=32
Oct  7 18:04:12 kernel1 kernel: [    1.135893] NR_IRQS: 16640, nr_irqs: 1496, preallocated irqs: 16
Oct  7 18:04:12 kernel1 kernel: [    1.144220] Console: colour VGA+ 80x25
Oct  7 18:04:12 kernel1 kernel: [    1.167541] console [tty0] enabled
Oct  7 18:04:12 kernel1 kernel: [    2.574906] console [ttyS1] enabled
Oct  7 18:04:12 kernel1 kernel: [    2.578939] ACPI: Core revision 20180810
Oct  7 18:04:12 kernel1 kernel: [    2.584394] clocksource: hpet: mask: 0xffffffff max_cycles: 0xffffffff, max_idle_ns: 133484882848 ns
Oct  7 18:04:12 kernel1 kernel: [    2.594720] hpet clockevent registered
Oct  7 18:04:12 kernel1 kernel: [    2.599007] APIC: Switch to symmetric I/O mode setup
Oct  7 18:04:12 kernel1 kernel: [    2.604647] DMAR: Host address width 46
Oct  7 18:04:12 kernel1 kernel: [    2.609025] DMAR: DRHD base: 0x000000fbffe000 flags: 0x0
Oct  7 18:04:12 kernel1 kernel: [    2.615058] DMAR: dmar0: reg_base_addr fbffe000 ver 1:0 cap d2078c106f0462 ecap f020fe
Oct  7 18:04:12 kernel1 kernel: [    2.624022] DMAR: DRHD base: 0x000000dfffc000 flags: 0x1
Oct  7 18:04:12 kernel1 kernel: [    2.630053] DMAR: dmar1: reg_base_addr dfffc000 ver 1:0 cap d2078c106f0462 ecap f020fe
Oct  7 18:04:12 kernel1 kernel: [    2.639018] DMAR: RMRR base: 0x0000007de7c000 end: 0x0000007de88fff
Oct  7 18:04:12 kernel1 kernel: [    2.646116] DMAR: ATSR flags: 0x0
Oct  7 18:04:12 kernel1 kernel: [    2.649909] DMAR: RHSA base: 0x000000fbffe000 proximity domain: 0x1
Oct  7 18:04:12 kernel1 kernel: [    2.657007] DMAR: RHSA base: 0x000000dfffc000 proximity domain: 0x0
Oct  7 18:04:12 kernel1 kernel: [    2.664105] DMAR-IR: IOAPIC id 3 under DRHD base  0xfbffe000 IOMMU 0
Oct  7 18:04:12 kernel1 kernel: [    2.671300] DMAR-IR: IOAPIC id 0 under DRHD base  0xdfffc000 IOMMU 1
Oct  7 18:04:12 kernel1 kernel: [    2.678493] DMAR-IR: IOAPIC id 2 under DRHD base  0xdfffc000 IOMMU 1
Oct  7 18:04:12 kernel1 kernel: [    2.685687] DMAR-IR: HPET id 0 under DRHD base 0xdfffc000
Oct  7 18:04:12 kernel1 kernel: [    2.691812] DMAR-IR: Queued invalidation will be enabled to support x2apic and Intr-remapping.
Oct  7 18:04:12 kernel1 kernel: [    2.702182] DMAR-IR: Enabled IRQ remapping in x2apic mode
Oct  7 18:04:12 kernel1 kernel: [    2.708301] x2apic enabled
Oct  7 18:04:12 kernel1 kernel: [    2.711420] Switched APIC routing to cluster x2apic.
Oct  7 18:04:12 kernel1 kernel: [    2.717716] ..TIMER: vector=0x30 apic1=0 pin1=2 apic2=-1 pin2=-1
Oct  7 18:04:12 kernel1 kernel: [    2.742727] clocksource: tsc-early: mask: 0xffffffffffffffff max_cycles: 0x1fb626b9f4b, max_idle_ns: 440795286379 ns
Oct  7 18:04:12 kernel1 kernel: [    2.754612] Calibrating delay loop (skipped), value calculated using timer frequency.. 4399.97 BogoMIPS (lpj=8799948)
Oct  7 18:04:12 kernel1 kernel: [    2.758602] pid_max: default: 32768 minimum: 301
Oct  7 18:04:12 kernel1 kernel: [    2.762685] Security Framework initialized
Oct  7 18:04:12 kernel1 kernel: [    2.766602] AppArmor: AppArmor disabled by boot time parameter
Oct  7 18:04:12 kernel1 kernel: [    2.782295] Dentry cache hash table entries: 8388608 (order: 14, 67108864 bytes)
Oct  7 18:04:12 kernel1 kernel: [    2.788298] Inode-cache hash table entries: 4194304 (order: 13, 33554432 bytes)
Oct  7 18:04:12 kernel1 kernel: [    2.790812] Mount-cache hash table entries: 131072 (order: 8, 1048576 bytes)
Oct  7 18:04:12 kernel1 kernel: [    2.794786] Mountpoint-cache hash table entries: 131072 (order: 8, 1048576 bytes)
Oct  7 18:04:12 kernel1 kernel: [    2.798926] ENERGY_PERF_BIAS: Set to 'normal', was 'performance'
Oct  7 18:04:12 kernel1 kernel: [    2.802602] ENERGY_PERF_BIAS: View and update with x86_energy_perf_policy(8)
Oct  7 18:04:12 kernel1 kernel: [    2.806619] CPU0: Thermal monitoring enabled (TM1)
Oct  7 18:04:12 kernel1 kernel: [    2.810634] process: using mwait in idle threads
Oct  7 18:04:12 kernel1 kernel: [    2.814603] Last level iTLB entries: 4KB 512, 2MB 8, 4MB 8
Oct  7 18:04:12 kernel1 kernel: [    2.818601] Last level dTLB entries: 4KB 512, 2MB 32, 4MB 32, 1GB 0
Oct  7 18:04:12 kernel1 kernel: [    2.822602] Spectre V1 : Mitigation: usercopy/swapgs barriers and __user pointer sanitization
Oct  7 18:04:12 kernel1 kernel: [    2.826602] Spectre V2 : Mitigation: Full generic retpoline
Oct  7 18:04:12 kernel1 kernel: [    2.830601] Spectre V2 : Spectre v2 / SpectreRSB mitigation: Filling RSB on context switch
Oct  7 18:04:12 kernel1 kernel: [    2.834601] Spectre V2 : Enabling Restricted Speculation for firmware calls
Oct  7 18:04:12 kernel1 kernel: [    2.838611] Spectre V2 : mitigation: Enabling conditional Indirect Branch Prediction Barrier
Oct  7 18:04:12 kernel1 kernel: [    2.842601] Spectre V2 : User space: Mitigation: STIBP via seccomp and prctl
Oct  7 18:04:12 kernel1 kernel: [    2.846602] Speculative Store Bypass: Mitigation: Speculative Store Bypass disabled via prctl and seccomp
Oct  7 18:04:12 kernel1 kernel: [    2.850632] MDS: Mitigation: Clear CPU buffers
Oct  7 18:04:12 kernel1 kernel: [    2.854794] Freeing SMP alternatives memory: 36K
Oct  7 18:04:12 kernel1 kernel: [    2.860313] TSC deadline timer enabled
Oct  7 18:04:12 kernel1 kernel: [    2.862600] smpboot: CPU0: Intel(R) Xeon(R) CPU E5-2660 0 @ 2.20GHz (family: 0x6, model: 0x2d, stepping: 0x7)
Oct  7 18:04:12 kernel1 kernel: [    2.862799] Performance Events: PEBS fmt1+, SandyBridge events, 16-deep LBR, full-width counters, Intel PMU driver.
Oct  7 18:04:12 kernel1 kernel: [    2.866608] ... version:                3
Oct  7 18:04:12 kernel1 kernel: [    2.870602] ... bit width:              48
Oct  7 18:04:12 kernel1 kernel: [    2.874601] ... generic registers:      4
Oct  7 18:04:12 kernel1 kernel: [    2.878601] ... value mask:             0000ffffffffffff
Oct  7 18:04:12 kernel1 kernel: [    2.882601] ... max period:             00007fffffffffff
Oct  7 18:04:12 kernel1 kernel: [    2.886601] ... fixed-purpose events:   3
Oct  7 18:04:12 kernel1 kernel: [    2.890601] ... event mask:             000000070000000f
Oct  7 18:04:12 kernel1 kernel: [    2.894666] rcu: Hierarchical SRCU implementation.
Oct  7 18:04:12 kernel1 kernel: [    2.901553] NMI watchdog: Enabled. Permanently consumes one hw-PMU counter.
Oct  7 18:04:12 kernel1 kernel: [    2.902991] smp: Bringing up secondary CPUs ...
Oct  7 18:04:12 kernel1 kernel: [    2.906740] x86: Booting SMP configuration:
Oct  7 18:04:12 kernel1 kernel: [    2.910605] .... node  #0, CPUs:        #1  #2  #3  #4  #5  #6  #7
Oct  7 18:04:12 kernel1 kernel: [    2.946605] .... node  #1, CPUs:    #8  #9 #10 #11 #12 #13 #14 #15
Oct  7 18:04:12 kernel1 kernel: [    3.062603] .... node  #0, CPUs:   #16
Oct  7 18:04:12 kernel1 kernel: [    3.065914] MDS CPU bug present and SMT on, data leak possible. See https://www.kernel.org/doc/html/latest/admin-guide/hw-vuln/mds.html for more details.
Oct  7 18:04:12 kernel1 kernel: [    3.070660]  #17 #18 #19 #20 #21 #22 #23
Oct  7 18:04:12 kernel1 kernel: [    3.090605] .... node  #1, CPUs:   #24 #25 #26 #27 #28 #29 #30 #31
Oct  7 18:04:12 kernel1 kernel: [    3.121087] smp: Brought up 2 nodes, 32 CPUs
Oct  7 18:04:12 kernel1 kernel: [    3.126602] smpboot: Max logical packages: 2
Oct  7 18:04:12 kernel1 kernel: [    3.130603] smpboot: Total of 32 processors activated (140828.65 BogoMIPS)
Oct  7 18:04:12 kernel1 kernel: [    3.141506] devtmpfs: initialized
Oct  7 18:04:12 kernel1 kernel: [    3.142701] x86/mm: Memory block size: 2048MB
Oct  7 18:04:12 kernel1 kernel: [    3.150679] PM: Registering ACPI NVS region [mem 0x7dfaf000-0x7e1cafff] (2211840 bytes)
Oct  7 18:04:12 kernel1 kernel: [    3.158648] PM: Registering ACPI NVS region [mem 0x7f355000-0x7f7fffff] (4894720 bytes)
Oct  7 18:04:12 kernel1 kernel: [    3.166814] clocksource: jiffies: mask: 0xffffffff max_cycles: 0xffffffff, max_idle_ns: 7645041785100000 ns
Oct  7 18:04:12 kernel1 kernel: [    3.178653] futex hash table entries: 8192 (order: 7, 524288 bytes)
Oct  7 18:04:12 kernel1 kernel: [    3.188684] NET: Registered protocol family 16
Oct  7 18:04:12 kernel1 kernel: [    3.194760] audit: initializing netlink subsys (disabled)
Oct  7 18:04:12 kernel1 kernel: [    3.198618] audit: type=2000 audit(1570460628.540:1): state=initialized audit_enabled=0 res=1
Oct  7 18:04:12 kernel1 kernel: [    3.202609] cpuidle: using governor ladder
Oct  7 18:04:12 kernel1 kernel: [    3.206620] cpuidle: using governor menu
Oct  7 18:04:12 kernel1 kernel: [    3.210705] ACPI FADT declares the system doesn't support PCIe ASPM, so disable it
Oct  7 18:04:12 kernel1 kernel: [    3.218603] ACPI: bus type PCI registered
Oct  7 18:04:12 kernel1 kernel: [    3.222603] acpiphp: ACPI Hot Plug PCI Controller Driver version: 0.5
Oct  7 18:04:12 kernel1 kernel: [    3.230717] PCI: MMCONFIG for domain 0000 [bus 00-ff] at [mem 0x80000000-0x8fffffff] (base 0x80000000)
Oct  7 18:04:12 kernel1 kernel: [    3.242606] PCI: MMCONFIG at [mem 0x80000000-0x8fffffff] reserved in E820
Oct  7 18:04:12 kernel1 kernel: [    3.246621] PCI: Using configuration type 1 for base access
Oct  7 18:04:12 kernel1 kernel: [    3.254675] core: PMU erratum BJ122, BV98, HSD29 worked around, HT is on
Oct  7 18:04:12 kernel1 kernel: [    3.266688] HugeTLB registered 1.00 GiB page size, pre-allocated 0 pages
Oct  7 18:04:12 kernel1 kernel: [    3.274607] HugeTLB registered 2.00 MiB page size, pre-allocated 0 pages
Oct  7 18:04:12 kernel1 kernel: [    3.282707] cryptd: max_cpu_qlen set to 1000
Oct  7 18:04:12 kernel1 kernel: [    3.286770] ACPI: Added _OSI(Module Device)
Oct  7 18:04:12 kernel1 kernel: [    3.290610] ACPI: Added _OSI(Processor Device)
Oct  7 18:04:12 kernel1 kernel: [    3.294602] ACPI: Added _OSI(3.0 _SCP Extensions)
Oct  7 18:04:12 kernel1 kernel: [    3.302602] ACPI: Added _OSI(Processor Aggregator Device)
Oct  7 18:04:12 kernel1 kernel: [    3.306602] ACPI: Added _OSI(Linux-Dell-Video)
Oct  7 18:04:12 kernel1 kernel: [    3.310602] ACPI: Added _OSI(Linux-Lenovo-NV-HDMI-Audio)
Oct  7 18:04:12 kernel1 kernel: [    3.515689] ACPI: 2 ACPI AML tables successfully acquired and loaded
Oct  7 18:04:12 kernel1 kernel: [    3.569116] ACPI: Interpreter enabled
Oct  7 18:04:12 kernel1 kernel: [    3.570620] ACPI: (supports S0 S1 S5)
Oct  7 18:04:12 kernel1 kernel: [    3.574602] ACPI: Using IOAPIC for interrupt routing
Oct  7 18:04:12 kernel1 kernel: [    3.582675] HEST: Table parsing has been initialized.
Oct  7 18:04:12 kernel1 kernel: [    3.586605] PCI: Using host bridge windows from ACPI; if necessary, use "pci=nocrs" and report a bug
Oct  7 18:04:12 kernel1 kernel: [    3.599356] ACPI: Enabled 5 GPEs in block 00 to 3F
Oct  7 18:04:12 kernel1 kernel: [    3.602757] ACPI BIOS Error (bug): Could not resolve [\_SB.PRAD], AE_NOT_FOUND (20180810/psargs-330)
Oct  7 18:04:12 kernel1 kernel: [    3.606609] ACPI Error: Method parse/execution failed \_GPE._L24, AE_NOT_FOUND (20180810/psparse-516)
Oct  7 18:04:12 kernel1 kernel: [    3.610608] ACPI Error: AE_NOT_FOUND, while evaluating GPE method [_L24] (20180810/evgpe-515)
Oct  7 18:04:12 kernel1 kernel: [    3.614600] ACPI: PCI Root Bridge [PCI0] (domain 0000 [bus 00-7e])
Oct  7 18:04:12 kernel1 kernel: [    3.614600] acpi PNP0A08:00: _OSC: OS supports [ExtendedConfig ASPM ClockPM Segments MSI]
Oct  7 18:04:12 kernel1 kernel: [    3.634874] acpi PNP0A08:00: _OSC: platform does not support [SHPCHotplug PME AER LTR]
Oct  7 18:04:12 kernel1 kernel: [    3.642856] acpi PNP0A08:00: _OSC: OS now controls [PCIeHotplug PCIeCapability]
Oct  7 18:04:12 kernel1 kernel: [    3.650603] acpi PNP0A08:00: FADT indicates ASPM is unsupported, using BIOS configuration
Oct  7 18:04:12 kernel1 kernel: [    3.659049] PCI host bridge to bus 0000:00
Oct  7 18:04:12 kernel1 kernel: [    3.666605] pci_bus 0000:00: root bus resource [io  0x0000-0x03af window]
Oct  7 18:04:12 kernel1 kernel: [    3.670603] pci_bus 0000:00: root bus resource [io  0x03e0-0x0cf7 window]
Oct  7 18:04:12 kernel1 kernel: [    3.678603] pci_bus 0000:00: root bus resource [io  0x03b0-0x03df window]
Oct  7 18:04:12 kernel1 kernel: [    3.682604] clocksource: timekeeping watchdog on CPU1: Ignoring watchdog 'hpet' hiccup because backup watchdog 'refined-jiffies' is not consent:
Oct  7 18:04:12 kernel1 kernel: [    3.686603] pci_bus 0000:00: root bus resource [io  0x0d00-0x9fff window]
Oct  7 18:04:12 kernel1 kernel: [    3.702603] clocksource:                       'hpet' wd_now: 150df3c wd_last: b7d1ec mask: ffffffff wd_nsec: 700537128
Oct  7 18:04:12 kernel1 kernel: [    3.702604] clocksource:                       'refined-jiffies' cs_now: fffedc08 cs_last: fffedb88 mask: ffffffff cs_nsec: 512032000
Oct  7 18:04:12 kernel1 kernel: [    3.710603] pci_bus 0000:00: root bus resource [mem 0x000a0000-0x000bffff window]
Oct  7 18:04:12 kernel1 kernel: [    3.742603] pci_bus 0000:00: root bus resource [mem 0x000c0000-0x000dffff window]
Oct  7 18:04:12 kernel1 kernel: [    3.754603] pci_bus 0000:00: root bus resource [mem 0xfed08000-0xfed08fff window]
Oct  7 18:04:12 kernel1 kernel: [    3.762602] pci_bus 0000:00: root bus resource [mem 0xfed0e000-0xfed0ffff window]
Oct  7 18:04:12 kernel1 kernel: [    3.770603] pci_bus 0000:00: root bus resource [mem 0x80000000-0xdfffffff window]
Oct  7 18:04:12 kernel1 kernel: [    3.778603] pci_bus 0000:00: root bus resource [bus 00-7e]
Oct  7 18:04:12 kernel1 kernel: [    3.782615] pci 0000:00:00.0: [8086:3c00] type 00 class 0x060000
Oct  7 18:04:12 kernel1 kernel: [    3.790686] pci 0000:00:00.0: PME# supported from D0 D3hot D3cold
Oct  7 18:04:12 kernel1 kernel: [    3.798721] pci 0000:00:01.0: [8086:3c02] type 01 class 0x060400
Oct  7 18:04:12 kernel1 kernel: [    3.806691] pci 0000:00:01.0: PME# supported from D0 D3hot D3cold
Oct  7 18:04:12 kernel1 kernel: [    3.810733] pci 0000:00:01.1: [8086:3c03] type 01 class 0x060400
Oct  7 18:04:12 kernel1 kernel: [    3.818690] pci 0000:00:01.1: PME# supported from D0 D3hot D3cold
Oct  7 18:04:12 kernel1 kernel: [    3.826735] pci 0000:00:02.0: [8086:3c04] type 01 class 0x060400
Oct  7 18:04:12 kernel1 kernel: [    3.834690] pci 0000:00:02.0: PME# supported from D0 D3hot D3cold
Oct  7 18:04:12 kernel1 kernel: [    3.838746] pci 0000:00:03.0: [8086:3c08] type 01 class 0x060400
Oct  7 18:04:12 kernel1 kernel: [    3.846643] pci 0000:00:03.0: enabling Extended Tags
Oct  7 18:04:12 kernel1 kernel: [    3.850652] pci 0000:00:03.0: PME# supported from D0 D3hot D3cold
Oct  7 18:04:12 kernel1 kernel: [    3.858735] pci 0000:00:04.0: [8086:3c20] type 00 class 0x088000
Oct  7 18:04:12 kernel1 kernel: [    3.866624] pci 0000:00:04.0: reg 0x10: [mem 0xdfa1c000-0xdfa1ffff 64bit]
Oct  7 18:04:12 kernel1 kernel: [    3.874767] pci 0000:00:04.1: [8086:3c21] type 00 class 0x088000
Oct  7 18:04:12 kernel1 kernel: [    3.882621] pci 0000:00:04.1: reg 0x10: [mem 0xdfa18000-0xdfa1bfff 64bit]
Oct  7 18:04:12 kernel1 kernel: [    3.890773] pci 0000:00:04.2: [8086:3c22] type 00 class 0x088000
Oct  7 18:04:12 kernel1 kernel: [    3.894621] pci 0000:00:04.2: reg 0x10: [mem 0xdfa14000-0xdfa17fff 64bit]
Oct  7 18:04:12 kernel1 kernel: [    3.902771] pci 0000:00:04.3: [8086:3c23] type 00 class 0x088000
Oct  7 18:04:12 kernel1 kernel: [    3.910621] pci 0000:00:04.3: reg 0x10: [mem 0xdfa10000-0xdfa13fff 64bit]
Oct  7 18:04:12 kernel1 kernel: [    3.918770] pci 0000:00:04.4: [8086:3c24] type 00 class 0x088000
Oct  7 18:04:12 kernel1 kernel: [    3.926621] pci 0000:00:04.4: reg 0x10: [mem 0xdfa0c000-0xdfa0ffff 64bit]
Oct  7 18:04:12 kernel1 kernel: [    3.934770] pci 0000:00:04.5: [8086:3c25] type 00 class 0x088000
Oct  7 18:04:12 kernel1 kernel: [    3.938621] pci 0000:00:04.5: reg 0x10: [mem 0xdfa08000-0xdfa0bfff 64bit]
Oct  7 18:04:12 kernel1 kernel: [    3.946763] pci 0000:00:04.6: [8086:3c26] type 00 class 0x088000
Oct  7 18:04:12 kernel1 kernel: [    3.954621] pci 0000:00:04.6: reg 0x10: [mem 0xdfa04000-0xdfa07fff 64bit]
Oct  7 18:04:12 kernel1 kernel: [    3.962770] pci 0000:00:04.7: [8086:3c27] type 00 class 0x088000
Oct  7 18:04:12 kernel1 kernel: [    3.970621] pci 0000:00:04.7: reg 0x10: [mem 0xdfa00000-0xdfa03fff 64bit]
Oct  7 18:04:12 kernel1 kernel: [    3.978755] pci 0000:00:05.0: [8086:3c28] type 00 class 0x088000
Oct  7 18:04:12 kernel1 kernel: [    3.982766] pci 0000:00:05.2: [8086:3c2a] type 00 class 0x088000
Oct  7 18:04:12 kernel1 kernel: [    3.990749] pci 0000:00:05.4: [8086:3c2c] type 00 class 0x080020
Oct  7 18:04:12 kernel1 kernel: [    3.998618] pci 0000:00:05.4: reg 0x10: [mem 0xdfa25000-0xdfa25fff]
Oct  7 18:04:12 kernel1 kernel: [    4.002755] pci 0000:00:11.0: [8086:1d3e] type 01 class 0x060400
Oct  7 18:04:12 kernel1 kernel: [    4.010711] pci 0000:00:11.0: PME# supported from D0 D3hot D3cold
Oct  7 18:04:12 kernel1 kernel: [    4.018729] pci 0000:00:16.0: [8086:1d3a] type 00 class 0x078000
Oct  7 18:04:12 kernel1 kernel: [    4.026624] pci 0000:00:16.0: reg 0x10: [mem 0xfed0e000-0xfed0e00f 64bit]
Oct  7 18:04:12 kernel1 kernel: [    4.034668] pci 0000:00:16.0: PME# supported from D0 D3hot D3cold
Oct  7 18:04:12 kernel1 kernel: [    4.038698] pci 0000:00:16.1: [8086:1d3b] type 00 class 0x078000
Oct  7 18:04:12 kernel1 kernel: [    4.046624] pci 0000:00:16.1: reg 0x10: [mem 0xfed0f000-0xfed0f00f 64bit]
Oct  7 18:04:12 kernel1 kernel: [    4.054668] pci 0000:00:16.1: PME# supported from D0 D3hot D3cold
Oct  7 18:04:12 kernel1 kernel: [    4.062717] pci 0000:00:1a.0: [8086:1d2d] type 00 class 0x0c0320
Oct  7 18:04:12 kernel1 kernel: [    4.066624] pci 0000:00:1a.0: reg 0x10: [mem 0xdfa23000-0xdfa233ff]
Oct  7 18:04:12 kernel1 kernel: [    4.074688] pci 0000:00:1a.0: PME# supported from D0 D3hot D3cold
Oct  7 18:04:12 kernel1 kernel: [    4.082710] pci 0000:00:1c.0: [8086:1d10] type 01 class 0x060400
Oct  7 18:04:12 kernel1 kernel: [    4.090745] pci 0000:00:1c.0: PME# supported from D0 D3hot D3cold
Oct  7 18:04:12 kernel1 kernel: [    4.094735] pci 0000:00:1c.7: [8086:1d1e] type 01 class 0x060400
Oct  7 18:04:12 kernel1 kernel: [    4.102692] pci 0000:00:1c.7: PME# supported from D0 D3hot D3cold
Oct  7 18:04:12 kernel1 kernel: [    4.110729] pci 0000:00:1d.0: [8086:1d26] type 00 class 0x0c0320
Oct  7 18:04:12 kernel1 kernel: [    4.118625] pci 0000:00:1d.0: reg 0x10: [mem 0xdfa22000-0xdfa223ff]
Oct  7 18:04:12 kernel1 kernel: [    4.122688] pci 0000:00:1d.0: PME# supported from D0 D3hot D3cold
Oct  7 18:04:12 kernel1 kernel: [    4.130711] pci 0000:00:1e.0: [8086:244e] type 01 class 0x060401
Oct  7 18:04:12 kernel1 kernel: [    4.138764] pci 0000:00:1f.0: [8086:1d41] type 00 class 0x060100
Oct  7 18:04:12 kernel1 kernel: [    4.146811] pci 0000:00:1f.2: [8086:1d02] type 00 class 0x010601
Oct  7 18:04:12 kernel1 kernel: [    4.150621] pci 0000:00:1f.2: reg 0x10: [io  0x9050-0x9057]
Oct  7 18:04:12 kernel1 kernel: [    4.158609] pci 0000:00:1f.2: reg 0x14: [io  0x9040-0x9043]
Oct  7 18:04:12 kernel1 kernel: [    4.166612] pci 0000:00:1f.2: reg 0x18: [io  0x9030-0x9037]
Oct  7 18:04:12 kernel1 kernel: [    4.170609] pci 0000:00:1f.2: reg 0x1c: [io  0x9020-0x9023]
Oct  7 18:04:12 kernel1 kernel: [    4.178609] pci 0000:00:1f.2: reg 0x20: [io  0x9000-0x901f]
Oct  7 18:04:12 kernel1 kernel: [    4.182609] pci 0000:00:1f.2: reg 0x24: [mem 0xdfa21000-0xdfa217ff]
Oct  7 18:04:12 kernel1 kernel: [    4.190644] pci 0000:00:1f.2: PME# supported from D3hot
Oct  7 18:04:12 kernel1 kernel: [    4.198707] pci 0000:00:1f.3: [8086:1d22] type 00 class 0x0c0500
Oct  7 18:04:12 kernel1 kernel: [    4.202621] pci 0000:00:1f.3: reg 0x10: [mem 0xdfa20000-0xdfa200ff 64bit]
Oct  7 18:04:12 kernel1 kernel: [    4.210622] pci 0000:00:1f.3: reg 0x20: [io  0x1180-0x119f]
Oct  7 18:04:12 kernel1 kernel: [    4.218707] pci 0000:00:1f.6: [8086:1d24] type 00 class 0x118000
Oct  7 18:04:12 kernel1 kernel: [    4.226626] pci 0000:00:1f.6: reg 0x10: [mem 0xfed08000-0xfed08fff 64bit]
Oct  7 18:04:12 kernel1 kernel: [    4.230796] pci 0000:00:01.0: PCI bridge to [bus 01]
Oct  7 18:04:12 kernel1 kernel: [    4.238685] pci 0000:02:00.0: [8086:1521] type 00 class 0x020000
Oct  7 18:04:12 kernel1 kernel: [    4.246621] pci 0000:02:00.0: reg 0x10: [mem 0xdf920000-0xdf93ffff]
Oct  7 18:04:12 kernel1 kernel: [    4.250614] pci 0000:02:00.0: reg 0x18: [io  0x8020-0x803f]
Oct  7 18:04:12 kernel1 kernel: [    4.258612] pci 0000:02:00.0: reg 0x1c: [mem 0xdf9c4000-0xdf9c7fff]
Oct  7 18:04:12 kernel1 kernel: [    4.266676] pci 0000:02:00.0: PME# supported from D0 D3hot D3cold
Oct  7 18:04:12 kernel1 kernel: [    4.274625] pci 0000:02:00.0: reg 0x184: [mem 0xdf9a0000-0xdf9a3fff]
Oct  7 18:04:12 kernel1 kernel: [    4.278603] pci 0000:02:00.0: VF(n) BAR0 space: [mem 0xdf9a0000-0xdf9bffff] (contains BAR0 for 8 VFs)
Oct  7 18:04:12 kernel1 kernel: [    4.290617] pci 0000:02:00.0: reg 0x190: [mem 0xdf980000-0xdf983fff]
Oct  7 18:04:12 kernel1 kernel: [    4.298603] pci 0000:02:00.0: VF(n) BAR3 space: [mem 0xdf980000-0xdf99ffff] (contains BAR3 for 8 VFs)
Oct  7 18:04:12 kernel1 kernel: [    4.306700] pci 0000:02:00.1: [8086:1521] type 00 class 0x020000
Oct  7 18:04:12 kernel1 kernel: [    4.314621] pci 0000:02:00.1: reg 0x10: [mem 0xdf900000-0xdf91ffff]
Oct  7 18:04:12 kernel1 kernel: [    4.322615] pci 0000:02:00.1: reg 0x18: [io  0x8000-0x801f]
Oct  7 18:04:12 kernel1 kernel: [    4.326608] pci 0000:02:00.1: reg 0x1c: [mem 0xdf9c0000-0xdf9c3fff]
Oct  7 18:04:12 kernel1 kernel: [    4.334673] pci 0000:02:00.1: PME# supported from D0 D3hot D3cold
Oct  7 18:04:12 kernel1 kernel: [    4.342620] pci 0000:02:00.1: reg 0x184: [mem 0xdf960000-0xdf963fff]
Oct  7 18:04:12 kernel1 kernel: [    4.350603] pci 0000:02:00.1: VF(n) BAR0 space: [mem 0xdf960000-0xdf97ffff] (contains BAR0 for 8 VFs)
Oct  7 18:04:12 kernel1 kernel: [    4.358617] pci 0000:02:00.1: reg 0x190: [mem 0xdf940000-0xdf943fff]
Oct  7 18:04:12 kernel1 kernel: [    4.366603] pci 0000:02:00.1: VF(n) BAR3 space: [mem 0xdf940000-0xdf95ffff] (contains BAR3 for 8 VFs)
Oct  7 18:04:12 kernel1 kernel: [    4.378692] pci 0000:00:01.1: ASPM: current common clock configuration is broken, reconfiguring
Oct  7 18:04:12 kernel1 kernel: [    4.398644] pci 0000:00:01.1: PCI bridge to [bus 02-03]
Oct  7 18:04:12 kernel1 kernel: [    4.406606] pci 0000:00:01.1:   bridge window [io  0x8000-0x8fff]
Oct  7 18:04:12 kernel1 kernel: [    4.410604] pci 0000:00:01.1:   bridge window [mem 0xdf900000-0xdf9fffff]
Oct  7 18:04:12 kernel1 kernel: [    4.418656] pci 0000:00:02.0: PCI bridge to [bus 04]
Oct  7 18:04:12 kernel1 kernel: [    4.426646] pci 0000:00:03.0: PCI bridge to [bus 05]
Oct  7 18:04:12 kernel1 kernel: [    4.430677] pci 0000:06:00.0: [8086:1d6b] type 00 class 0x010700
Oct  7 18:04:12 kernel1 kernel: [    4.438632] pci 0000:06:00.0: reg 0x10: [mem 0xde47c000-0xde47ffff 64bit pref]
Oct  7 18:04:12 kernel1 kernel: [    4.446616] pci 0000:06:00.0: reg 0x18: [mem 0xde000000-0xde3fffff 64bit pref]
Oct  7 18:04:12 kernel1 kernel: [    4.454611] pci 0000:06:00.0: reg 0x20: [io  0x7000-0x70ff]
Oct  7 18:04:12 kernel1 kernel: [    4.462627] pci 0000:06:00.0: enabling Extended Tags
Oct  7 18:04:12 kernel1 kernel: [    4.466699] pci 0000:06:00.0: reg 0x164: [mem 0xde400000-0xde403fff 64bit pref]
Oct  7 18:04:12 kernel1 kernel: [    4.474603] pci 0000:06:00.0: VF(n) BAR0 space: [mem 0xde400000-0xde47bfff 64bit pref] (contains BAR0 for 31 VFs)
Oct  7 18:04:12 kernel1 kernel: [    4.486819] pci 0000:00:11.0: PCI bridge to [bus 06]
Oct  7 18:04:12 kernel1 kernel: [    4.490606] pci 0000:00:11.0:   bridge window [io  0x7000-0x7fff]
Oct  7 18:04:12 kernel1 kernel: [    4.498610] pci 0000:00:11.0:   bridge window [mem 0xde000000-0xde4fffff 64bit pref]
Oct  7 18:04:12 kernel1 kernel: [    4.506672] pci 0000:00:1c.0: PCI bridge to [bus 07]
Oct  7 18:04:12 kernel1 kernel: [    4.514974] pci 0000:08:00.0: [1912:0013] type 01 class 0x060400
Oct  7 18:04:12 kernel1 kernel: [    4.524023] pci 0000:08:00.0: enabling Extended Tags
Oct  7 18:04:12 kernel1 kernel: [    4.527808] pci 0000:08:00.0: PME# supported from D0 D3hot D3cold
Oct  7 18:04:12 kernel1 kernel: [    4.535568] pci 0000:00:1c.7: PCI bridge to [bus 08-0c]
Oct  7 18:04:12 kernel1 kernel: [    4.542607] pci 0000:00:1c.7:   bridge window [mem 0xdf000000-0xdf8fffff]
Oct  7 18:04:12 kernel1 kernel: [    4.550607] pci 0000:00:1c.7:   bridge window [mem 0xdd000000-0xddffffff 64bit pref]
Oct  7 18:04:12 kernel1 kernel: [    4.559683] pci 0000:09:00.0: [1912:0013] type 01 class 0x060400
Oct  7 18:04:12 kernel1 kernel: [    4.568249] pci 0000:09:00.0: enabling Extended Tags
Oct  7 18:04:12 kernel1 kernel: [    4.575984] pci 0000:09:00.0: PME# supported from D0 D3hot D3cold
Oct  7 18:04:12 kernel1 kernel: [    4.583798] pci 0000:09:01.0: [1912:0013] type 01 class 0x060400
Oct  7 18:04:12 kernel1 kernel: [    4.592296] pci 0000:09:01.0: enabling Extended Tags
Oct  7 18:04:12 kernel1 kernel: [    4.600100] pci 0000:09:01.0: PME# supported from D0 D3hot D3cold
Oct  7 18:04:12 kernel1 kernel: [    4.609104] pci 0000:08:00.0: PCI bridge to [bus 09-0c]
Oct  7 18:04:12 kernel1 kernel: [    4.614787] pci 0000:08:00.0:   bridge window [mem 0xdf000000-0xdf8fffff]
Oct  7 18:04:12 kernel1 kernel: [    4.622726] pci 0000:08:00.0:   bridge window [mem 0xdd000000-0xddffffff 64bit pref]
Oct  7 18:04:12 kernel1 kernel: [    4.631711] pci 0000:0a:00.0: [1912:0012] type 01 class 0x060400
Oct  7 18:04:12 kernel1 kernel: [    4.640263] pci 0000:0a:00.0: enabling Extended Tags
Oct  7 18:04:12 kernel1 kernel: [    4.649012] pci 0000:09:00.0: PCI bridge to [bus 0a-0b]
Oct  7 18:04:12 kernel1 kernel: [    4.654816] pci 0000:09:00.0:   bridge window [mem 0xdf000000-0xdf8fffff]
Oct  7 18:04:12 kernel1 kernel: [    4.662741] pci 0000:09:00.0:   bridge window [mem 0xdd000000-0xddffffff 64bit pref]
Oct  7 18:04:12 kernel1 kernel: [    4.671529] pci_bus 0000:0b: extended config space not accessible
Oct  7 18:04:12 kernel1 kernel: [    4.678833] pci 0000:0b:00.0: [102b:0534] type 00 class 0x030000
Oct  7 18:04:12 kernel1 kernel: [    4.687085] pci 0000:0b:00.0: reg 0x10: [mem 0xdd000000-0xddffffff pref]
Oct  7 18:04:12 kernel1 kernel: [    4.694860] pci 0000:0b:00.0: reg 0x14: [mem 0xdf800000-0xdf803fff]
Oct  7 18:04:12 kernel1 kernel: [    4.702859] pci 0000:0b:00.0: reg 0x18: [mem 0xdf000000-0xdf7fffff]
Oct  7 18:04:12 kernel1 kernel: [    4.714732] pci 0000:0a:00.0: PCI bridge to [bus 0b]
Oct  7 18:04:12 kernel1 kernel: [    4.718817] pci 0000:0a:00.0:   bridge window [mem 0xdf000000-0xdf8fffff]
Oct  7 18:04:12 kernel1 kernel: [    4.726742] pci 0000:0a:00.0:   bridge window [mem 0xdd000000-0xddffffff 64bit pref]
Oct  7 18:04:12 kernel1 kernel: [    4.735736] pci 0000:09:01.0: PCI bridge to [bus 0c]
Oct  7 18:04:12 kernel1 kernel: [    4.743961] pci_bus 0000:0d: extended config space not accessible
Oct  7 18:04:12 kernel1 kernel: [    4.750655] pci 0000:00:1e.0: PCI bridge to [bus 0d] (subtractive decode)
Oct  7 18:04:12 kernel1 kernel: [    4.758611] pci 0000:00:1e.0:   bridge window [io  0x0000-0x03af window] (subtractive decode)
Oct  7 18:04:12 kernel1 kernel: [    4.770603] pci 0000:00:1e.0:   bridge window [io  0x03e0-0x0cf7 window] (subtractive decode)
Oct  7 18:04:12 kernel1 kernel: [    4.778603] pci 0000:00:1e.0:   bridge window [io  0x03b0-0x03df window] (subtractive decode)
Oct  7 18:04:12 kernel1 kernel: [    4.790604] pci 0000:00:1e.0:   bridge window [io  0x0d00-0x9fff window] (subtractive decode)
Oct  7 18:04:12 kernel1 kernel: [    4.798603] pci 0000:00:1e.0:   bridge window [mem 0x000a0000-0x000bffff window] (subtractive decode)
Oct  7 18:04:12 kernel1 kernel: [    4.810603] pci 0000:00:1e.0:   bridge window [mem 0x000c0000-0x000dffff window] (subtractive decode)
Oct  7 18:04:12 kernel1 kernel: [    4.818603] pci 0000:00:1e.0:   bridge window [mem 0xfed08000-0xfed08fff window] (subtractive decode)
Oct  7 18:04:12 kernel1 kernel: [    4.830603] pci 0000:00:1e.0:   bridge window [mem 0xfed0e000-0xfed0ffff window] (subtractive decode)
Oct  7 18:04:12 kernel1 kernel: [    4.842603] pci 0000:00:1e.0:   bridge window [mem 0x80000000-0xdfffffff window] (subtractive decode)
Oct  7 18:04:12 kernel1 kernel: [    4.850653] pci_bus 0000:00: on NUMA node 0
Oct  7 18:04:12 kernel1 kernel: [    4.855470] ACPI: PCI Root Bridge [UNC0] (domain 0000 [bus 7f])
Oct  7 18:04:12 kernel1 kernel: [    4.862607] acpi PNP0A03:00: _OSC: OS supports [ExtendedConfig ASPM ClockPM Segments MSI]
Oct  7 18:04:12 kernel1 kernel: [    4.874640] acpi PNP0A03:00: _OSC: OS now controls [PCIeHotplug SHPCHotplug PME AER PCIeCapability LTR]
Oct  7 18:04:12 kernel1 kernel: [    4.882603] acpi PNP0A03:00: FADT indicates ASPM is unsupported, using BIOS configuration
Oct  7 18:04:12 kernel1 kernel: [    4.894687] PCI host bridge to bus 0000:7f
Oct  7 18:04:12 kernel1 kernel: [    4.898604] pci_bus 0000:7f: root bus resource [bus 7f]
Oct  7 18:04:12 kernel1 kernel: [    4.902611] pci 0000:7f:08.0: [8086:3c80] type 00 class 0x088000
Oct  7 18:04:12 kernel1 kernel: [    4.910667] pci 0000:7f:08.3: [8086:3c83] type 00 class 0x088000
Oct  7 18:04:12 kernel1 kernel: [    4.918692] pci 0000:7f:08.4: [8086:3c84] type 00 class 0x088000
Oct  7 18:04:12 kernel1 kernel: [    4.922699] pci 0000:7f:09.0: [8086:3c90] type 00 class 0x088000
Oct  7 18:04:12 kernel1 kernel: [    4.930661] pci 0000:7f:09.3: [8086:3c93] type 00 class 0x088000
Oct  7 18:04:12 kernel1 kernel: [    4.938672] pci 0000:7f:09.4: [8086:3c94] type 00 class 0x088000
Oct  7 18:04:12 kernel1 kernel: [    4.946678] pci 0000:7f:0a.0: [8086:3cc0] type 00 class 0x088000
Oct  7 18:04:12 kernel1 kernel: [    4.950653] pci 0000:7f:0a.1: [8086:3cc1] type 00 class 0x088000
Oct  7 18:04:12 kernel1 kernel: [    4.958652] pci 0000:7f:0a.2: [8086:3cc2] type 00 class 0x088000
Oct  7 18:04:12 kernel1 kernel: [    4.966652] pci 0000:7f:0a.3: [8086:3cd0] type 00 class 0x088000
Oct  7 18:04:12 kernel1 kernel: [    4.970654] pci 0000:7f:0b.0: [8086:3ce0] type 00 class 0x088000
Oct  7 18:04:12 kernel1 kernel: [    4.978652] pci 0000:7f:0b.3: [8086:3ce3] type 00 class 0x088000
Oct  7 18:04:12 kernel1 kernel: [    4.986652] pci 0000:7f:0c.0: [8086:3ce8] type 00 class 0x088000
Oct  7 18:04:12 kernel1 kernel: [    4.994650] pci 0000:7f:0c.1: [8086:3ce8] type 00 class 0x088000
Oct  7 18:04:12 kernel1 kernel: [    4.998651] pci 0000:7f:0c.2: [8086:3ce8] type 00 class 0x088000
Oct  7 18:04:12 kernel1 kernel: [    5.006651] pci 0000:7f:0c.3: [8086:3ce8] type 00 class 0x088000
Oct  7 18:04:12 kernel1 kernel: [    5.014652] pci 0000:7f:0c.6: [8086:3cf4] type 00 class 0x088000
Oct  7 18:04:12 kernel1 kernel: [    5.018650] pci 0000:7f:0c.7: [8086:3cf6] type 00 class 0x088000
Oct  7 18:04:12 kernel1 kernel: [    5.026650] pci 0000:7f:0d.0: [8086:3ce8] type 00 class 0x088000
Oct  7 18:04:12 kernel1 kernel: [    5.034653] pci 0000:7f:0d.1: [8086:3ce8] type 00 class 0x088000
Oct  7 18:04:12 kernel1 kernel: [    5.042660] pci 0000:7f:0d.2: [8086:3ce8] type 00 class 0x088000
Oct  7 18:04:12 kernel1 kernel: [    5.046674] pci 0000:7f:0d.3: [8086:3ce8] type 00 class 0x088000
Oct  7 18:04:12 kernel1 kernel: [    5.054652] pci 0000:7f:0d.6: [8086:3cf5] type 00 class 0x088000
Oct  7 18:04:12 kernel1 kernel: [    5.062652] pci 0000:7f:0e.0: [8086:3ca0] type 00 class 0x088000
Oct  7 18:04:12 kernel1 kernel: [    5.066655] pci 0000:7f:0e.1: [8086:3c46] type 00 class 0x110100
Oct  7 18:04:12 kernel1 kernel: [    5.074660] pci 0000:7f:0f.0: [8086:3ca8] type 00 class 0x088000
Oct  7 18:04:12 kernel1 kernel: [    5.082670] pci 0000:7f:0f.1: [8086:3c71] type 00 class 0x088000
Oct  7 18:04:12 kernel1 kernel: [    5.090671] pci 0000:7f:0f.2: [8086:3caa] type 00 class 0x088000
Oct  7 18:04:12 kernel1 kernel: [    5.094670] pci 0000:7f:0f.3: [8086:3cab] type 00 class 0x088000
Oct  7 18:04:12 kernel1 kernel: [    5.102671] pci 0000:7f:0f.4: [8086:3cac] type 00 class 0x088000
Oct  7 18:04:12 kernel1 kernel: [    5.110670] pci 0000:7f:0f.5: [8086:3cad] type 00 class 0x088000
Oct  7 18:04:12 kernel1 kernel: [    5.114667] pci 0000:7f:0f.6: [8086:3cae] type 00 class 0x088000
Oct  7 18:04:12 kernel1 kernel: [    5.122658] pci 0000:7f:10.0: [8086:3cb0] type 00 class 0x088000
Oct  7 18:04:12 kernel1 kernel: [    5.130674] pci 0000:7f:10.1: [8086:3cb1] type 00 class 0x088000
Oct  7 18:04:12 kernel1 kernel: [    5.138672] pci 0000:7f:10.2: [8086:3cb2] type 00 class 0x088000
Oct  7 18:04:12 kernel1 kernel: [    5.142672] pci 0000:7f:10.3: [8086:3cb3] type 00 class 0x088000
Oct  7 18:04:12 kernel1 kernel: [    5.150670] pci 0000:7f:10.4: [8086:3cb4] type 00 class 0x088000
Oct  7 18:04:12 kernel1 kernel: [    5.158672] pci 0000:7f:10.5: [8086:3cb5] type 00 class 0x088000
Oct  7 18:04:12 kernel1 kernel: [    5.162670] pci 0000:7f:10.6: [8086:3cb6] type 00 class 0x088000
Oct  7 18:04:12 kernel1 kernel: [    5.170671] pci 0000:7f:10.7: [8086:3cb7] type 00 class 0x088000
Oct  7 18:04:12 kernel1 kernel: [    5.178670] pci 0000:7f:11.0: [8086:3cb8] type 00 class 0x088000
Oct  7 18:04:12 kernel1 kernel: [    5.186662] pci 0000:7f:13.0: [8086:3ce4] type 00 class 0x088000
Oct  7 18:04:12 kernel1 kernel: [    5.190651] pci 0000:7f:13.1: [8086:3c43] type 00 class 0x110100
Oct  7 18:04:12 kernel1 kernel: [    5.198654] pci 0000:7f:13.4: [8086:3ce6] type 00 class 0x110100
Oct  7 18:04:12 kernel1 kernel: [    5.206652] pci 0000:7f:13.5: [8086:3c44] type 00 class 0x110100
Oct  7 18:04:12 kernel1 kernel: [    5.210651] pci 0000:7f:13.6: [8086:3c45] type 00 class 0x088000
Oct  7 18:04:12 kernel1 kernel: [    5.218662] pci_bus 0000:7f: on NUMA node 0
Oct  7 18:04:12 kernel1 kernel: [    5.222834] ACPI: PCI Root Bridge [PCI1] (domain 0000 [bus 80-fe])
Oct  7 18:04:12 kernel1 kernel: [    5.230607] acpi PNP0A08:01: _OSC: OS supports [ExtendedConfig ASPM ClockPM Segments MSI]
Oct  7 18:04:12 kernel1 kernel: [    5.238869] acpi PNP0A08:01: _OSC: platform does not support [SHPCHotplug PME AER LTR]
Oct  7 18:04:12 kernel1 kernel: [    5.250854] acpi PNP0A08:01: _OSC: OS now controls [PCIeHotplug PCIeCapability]
Oct  7 18:04:12 kernel1 kernel: [    5.258603] acpi PNP0A08:01: FADT indicates ASPM is unsupported, using BIOS configuration
Oct  7 18:04:12 kernel1 kernel: [    5.266908] PCI host bridge to bus 0000:80
Oct  7 18:04:12 kernel1 kernel: [    5.270604] pci_bus 0000:80: root bus resource [io  0xa000-0xffff window]
Oct  7 18:04:12 kernel1 kernel: [    5.278603] pci_bus 0000:80: root bus resource [mem 0xe0000000-0xfbffffff window]
Oct  7 18:04:12 kernel1 kernel: [    5.290603] pci_bus 0000:80: root bus resource [bus 80-fe]
Oct  7 18:04:12 kernel1 kernel: [    5.294616] pci 0000:80:02.0: [8086:3c04] type 01 class 0x060400
Oct  7 18:04:12 kernel1 kernel: [    5.302701] pci 0000:80:02.0: PME# supported from D0 D3hot D3cold
Oct  7 18:04:12 kernel1 kernel: [    5.310717] pci 0000:80:04.0: [8086:3c20] type 00 class 0x088000
Oct  7 18:04:12 kernel1 kernel: [    5.314623] pci 0000:80:04.0: reg 0x10: [mem 0xfbf1c000-0xfbf1ffff 64bit]
Oct  7 18:04:12 kernel1 kernel: [    5.322747] pci 0000:80:04.1: [8086:3c21] type 00 class 0x088000
Oct  7 18:04:12 kernel1 kernel: [    5.330623] pci 0000:80:04.1: reg 0x10: [mem 0xfbf18000-0xfbf1bfff 64bit]
Oct  7 18:04:12 kernel1 kernel: [    5.338744] pci 0000:80:04.2: [8086:3c22] type 00 class 0x088000
Oct  7 18:04:12 kernel1 kernel: [    5.346622] pci 0000:80:04.2: reg 0x10: [mem 0xfbf14000-0xfbf17fff 64bit]
Oct  7 18:04:12 kernel1 kernel: [    5.350742] pci 0000:80:04.3: [8086:3c23] type 00 class 0x088000
Oct  7 18:04:12 kernel1 kernel: [    5.358622] pci 0000:80:04.3: reg 0x10: [mem 0xfbf10000-0xfbf13fff 64bit]
Oct  7 18:04:12 kernel1 kernel: [    5.366746] pci 0000:80:04.4: [8086:3c24] type 00 class 0x088000
Oct  7 18:04:12 kernel1 kernel: [    5.374622] pci 0000:80:04.4: reg 0x10: [mem 0xfbf0c000-0xfbf0ffff 64bit]
Oct  7 18:04:12 kernel1 kernel: [    5.382743] pci 0000:80:04.5: [8086:3c25] type 00 class 0x088000
Oct  7 18:04:12 kernel1 kernel: [    5.390622] pci 0000:80:04.5: reg 0x10: [mem 0xfbf08000-0xfbf0bfff 64bit]
Oct  7 18:04:12 kernel1 kernel: [    5.394743] pci 0000:80:04.6: [8086:3c26] type 00 class 0x088000
Oct  7 18:04:12 kernel1 kernel: [    5.402622] pci 0000:80:04.6: reg 0x10: [mem 0xfbf04000-0xfbf07fff 64bit]
Oct  7 18:04:12 kernel1 kernel: [    5.410748] pci 0000:80:04.7: [8086:3c27] type 00 class 0x088000
Oct  7 18:04:12 kernel1 kernel: [    5.418624] pci 0000:80:04.7: reg 0x10: [mem 0xfbf00000-0xfbf03fff 64bit]
Oct  7 18:04:12 kernel1 kernel: [    5.426745] pci 0000:80:05.0: [8086:3c28] type 00 class 0x088000
Oct  7 18:04:12 kernel1 kernel: [    5.434738] pci 0000:80:05.2: [8086:3c2a] type 00 class 0x088000
Oct  7 18:04:12 kernel1 kernel: [    5.438738] pci 0000:80:05.4: [8086:3c2c] type 00 class 0x080020
Oct  7 18:04:12 kernel1 kernel: [    5.446618] pci 0000:80:05.4: reg 0x10: [mem 0xfbf20000-0xfbf20fff]
Oct  7 18:04:12 kernel1 kernel: [    5.454775] pci 0000:80:02.0: PCI bridge to [bus 81]
Oct  7 18:04:12 kernel1 kernel: [    5.458619] pci_bus 0000:80: on NUMA node 1
Oct  7 18:04:12 kernel1 kernel: [    5.462721] ACPI: PCI Root Bridge [UNC1] (domain 0000 [bus ff])
Oct  7 18:04:12 kernel1 kernel: [    5.470607] acpi PNP0A03:01: _OSC: OS supports [ExtendedConfig ASPM ClockPM Segments MSI]
Oct  7 18:04:12 kernel1 kernel: [    5.478651] acpi PNP0A03:01: _OSC: OS now controls [PCIeHotplug SHPCHotplug PME AER PCIeCapability LTR]
Oct  7 18:04:12 kernel1 kernel: [    5.490603] acpi PNP0A03:01: FADT indicates ASPM is unsupported, using BIOS configuration
Oct  7 18:04:12 kernel1 kernel: [    5.498693] PCI host bridge to bus 0000:ff
Oct  7 18:04:12 kernel1 kernel: [    5.506604] pci_bus 0000:ff: root bus resource [bus ff]
Oct  7 18:04:12 kernel1 kernel: [    5.510612] pci 0000:ff:08.0: [8086:3c80] type 00 class 0x088000
Oct  7 18:04:12 kernel1 kernel: [    5.518670] pci 0000:ff:08.3: [8086:3c83] type 00 class 0x088000
Oct  7 18:04:12 kernel1 kernel: [    5.522689] pci 0000:ff:08.4: [8086:3c84] type 00 class 0x088000
Oct  7 18:04:12 kernel1 kernel: [    5.530686] pci 0000:ff:09.0: [8086:3c90] type 00 class 0x088000
Oct  7 18:04:12 kernel1 kernel: [    5.538665] pci 0000:ff:09.3: [8086:3c93] type 00 class 0x088000
Oct  7 18:04:12 kernel1 kernel: [    5.546679] pci 0000:ff:09.4: [8086:3c94] type 00 class 0x088000
Oct  7 18:04:12 kernel1 kernel: [    5.550684] pci 0000:ff:0a.0: [8086:3cc0] type 00 class 0x088000
Oct  7 18:04:12 kernel1 kernel: [    5.558657] pci 0000:ff:0a.1: [8086:3cc1] type 00 class 0x088000
Oct  7 18:04:12 kernel1 kernel: [    5.566659] pci 0000:ff:0a.2: [8086:3cc2] type 00 class 0x088000
Oct  7 18:04:12 kernel1 kernel: [    5.570658] pci 0000:ff:0a.3: [8086:3cd0] type 00 class 0x088000
Oct  7 18:04:12 kernel1 kernel: [    5.578659] pci 0000:ff:0b.0: [8086:3ce0] type 00 class 0x088000
Oct  7 18:04:12 kernel1 kernel: [    5.586655] pci 0000:ff:0b.3: [8086:3ce3] type 00 class 0x088000
Oct  7 18:04:12 kernel1 kernel: [    5.594657] pci 0000:ff:0c.0: [8086:3ce8] type 00 class 0x088000
Oct  7 18:04:12 kernel1 kernel: [    5.598655] pci 0000:ff:0c.1: [8086:3ce8] type 00 class 0x088000
Oct  7 18:04:12 kernel1 kernel: [    5.606657] pci 0000:ff:0c.2: [8086:3ce8] type 00 class 0x088000
Oct  7 18:04:12 kernel1 kernel: [    5.614656] pci 0000:ff:0c.3: [8086:3ce8] type 00 class 0x088000
Oct  7 18:04:12 kernel1 kernel: [    5.618657] pci 0000:ff:0c.6: [8086:3cf4] type 00 class 0x088000
Oct  7 18:04:12 kernel1 kernel: [    5.626657] pci 0000:ff:0c.7: [8086:3cf6] type 00 class 0x088000
Oct  7 18:04:12 kernel1 kernel: [    5.634656] pci 0000:ff:0d.0: [8086:3ce8] type 00 class 0x088000
Oct  7 18:04:12 kernel1 kernel: [    5.642656] pci 0000:ff:0d.1: [8086:3ce8] type 00 class 0x088000
Oct  7 18:04:12 kernel1 kernel: [    5.646656] pci 0000:ff:0d.2: [8086:3ce8] type 00 class 0x088000
Oct  7 18:04:12 kernel1 kernel: [    5.654656] pci 0000:ff:0d.3: [8086:3ce8] type 00 class 0x088000
Oct  7 18:04:12 kernel1 kernel: [    5.662656] pci 0000:ff:0d.6: [8086:3cf5] type 00 class 0x088000
Oct  7 18:04:12 kernel1 kernel: [    5.666657] pci 0000:ff:0e.0: [8086:3ca0] type 00 class 0x088000
Oct  7 18:04:12 kernel1 kernel: [    5.674663] pci 0000:ff:0e.1: [8086:3c46] type 00 class 0x110100
Oct  7 18:04:12 kernel1 kernel: [    5.682671] pci 0000:ff:0f.0: [8086:3ca8] type 00 class 0x088000
Oct  7 18:04:12 kernel1 kernel: [    5.690683] pci 0000:ff:0f.1: [8086:3c71] type 00 class 0x088000
Oct  7 18:04:12 kernel1 kernel: [    5.694681] pci 0000:ff:0f.2: [8086:3caa] type 00 class 0x088000
Oct  7 18:04:12 kernel1 kernel: [    5.702679] pci 0000:ff:0f.3: [8086:3cab] type 00 class 0x088000
Oct  7 18:04:12 kernel1 kernel: [    5.710679] pci 0000:ff:0f.4: [8086:3cac] type 00 class 0x088000
Oct  7 18:04:12 kernel1 kernel: [    5.714679] pci 0000:ff:0f.5: [8086:3cad] type 00 class 0x088000
Oct  7 18:04:12 kernel1 kernel: [    5.722677] pci 0000:ff:0f.6: [8086:3cae] type 00 class 0x088000
Oct  7 18:04:12 kernel1 kernel: [    5.730664] pci 0000:ff:10.0: [8086:3cb0] type 00 class 0x088000
Oct  7 18:04:12 kernel1 kernel: [    5.738682] pci 0000:ff:10.1: [8086:3cb1] type 00 class 0x088000
Oct  7 18:04:12 kernel1 kernel: [    5.742679] pci 0000:ff:10.2: [8086:3cb2] type 00 class 0x088000
Oct  7 18:04:12 kernel1 kernel: [    5.750680] pci 0000:ff:10.3: [8086:3cb3] type 00 class 0x088000
Oct  7 18:04:12 kernel1 kernel: [    5.758678] pci 0000:ff:10.4: [8086:3cb4] type 00 class 0x088000
Oct  7 18:04:12 kernel1 kernel: [    5.766681] pci 0000:ff:10.5: [8086:3cb5] type 00 class 0x088000
Oct  7 18:04:12 kernel1 kernel: [    5.770679] pci 0000:ff:10.6: [8086:3cb6] type 00 class 0x088000
Oct  7 18:04:12 kernel1 kernel: [    5.778679] pci 0000:ff:10.7: [8086:3cb7] type 00 class 0x088000
Oct  7 18:04:12 kernel1 kernel: [    5.786676] pci 0000:ff:11.0: [8086:3cb8] type 00 class 0x088000
Oct  7 18:04:12 kernel1 kernel: [    5.790669] pci 0000:ff:13.0: [8086:3ce4] type 00 class 0x088000
Oct  7 18:04:12 kernel1 kernel: [    5.798657] pci 0000:ff:13.1: [8086:3c43] type 00 class 0x110100
Oct  7 18:04:12 kernel1 kernel: [    5.806658] pci 0000:ff:13.4: [8086:3ce6] type 00 class 0x110100
Oct  7 18:04:12 kernel1 kernel: [    5.814666] pci 0000:ff:13.5: [8086:3c44] type 00 class 0x110100
Oct  7 18:04:12 kernel1 kernel: [    5.818682] pci 0000:ff:13.6: [8086:3c45] type 00 class 0x088000
Oct  7 18:04:12 kernel1 kernel: [    5.826690] pci_bus 0000:ff: on NUMA node 1
Oct  7 18:04:12 kernel1 kernel: [    5.830727] ACPI: PCI Interrupt Link [LNKA] (IRQs 3 4 5 6 7 10 *11 12 14 15)
Oct  7 18:04:12 kernel1 kernel: [    5.838684] ACPI: PCI Interrupt Link [LNKB] (IRQs 3 4 5 6 7 *10 11 12 14 15)
Oct  7 18:04:12 kernel1 kernel: [    5.846682] ACPI: PCI Interrupt Link [LNKC] (IRQs 3 4 *5 6 10 11 12 14 15)
Oct  7 18:04:12 kernel1 kernel: [    5.854688] ACPI: PCI Interrupt Link [LNKD] (IRQs 3 4 5 6 10 *11 12 14 15)
Oct  7 18:04:12 kernel1 kernel: [    5.862681] ACPI: PCI Interrupt Link [LNKE] (IRQs 3 4 5 6 7 10 11 12 14 15) *0
Oct  7 18:04:12 kernel1 kernel: [    5.870681] ACPI: PCI Interrupt Link [LNKF] (IRQs 3 4 5 6 7 10 11 12 14 15) *0
Oct  7 18:04:12 kernel1 kernel: [    5.878681] ACPI: PCI Interrupt Link [LNKG] (IRQs 3 4 5 6 7 10 11 12 14 15) *0
Oct  7 18:04:12 kernel1 kernel: [    5.886681] ACPI: PCI Interrupt Link [LNKH] (IRQs 3 4 5 6 *7 10 11 12 14 15)
Oct  7 18:04:12 kernel1 kernel: [    5.899375] SCSI subsystem initialized
Oct  7 18:04:12 kernel1 kernel: [    5.906661] libata version 3.00 loaded.
Oct  7 18:04:12 kernel1 kernel: [    5.910634] ACPI: bus type USB registered
Oct  7 18:04:12 kernel1 kernel: [    5.914626] usbcore: registered new interface driver usbfs
Oct  7 18:04:12 kernel1 kernel: [    5.922615] usbcore: registered new interface driver hub
Oct  7 18:04:12 kernel1 kernel: [    5.926694] usbcore: registered new device driver usb
Oct  7 18:04:12 kernel1 kernel: [    5.934626] pps_core: LinuxPPS API ver. 1 registered
Oct  7 18:04:12 kernel1 kernel: [    5.938602] pps_core: Software ver. 5.3.6 - Copyright 2005-2007 Rodolfo Giometti <giometti@linux.it>
Oct  7 18:04:12 kernel1 kernel: [    5.950605] PTP clock support registered
Oct  7 18:04:12 kernel1 kernel: [    5.954676] EDAC MC: Ver: 3.0.0
Oct  7 18:04:12 kernel1 kernel: [    5.959050] PCI: Using ACPI for IRQ routing
Oct  7 18:04:12 kernel1 kernel: [    5.967302] PCI: pci_cache_line_size set to 64 bytes
Oct  7 18:04:12 kernel1 kernel: [    5.975144] e820: reserve RAM buffer [mem 0x0009ac00-0x0009ffff]
Oct  7 18:04:12 kernel1 kernel: [    5.982603] e820: reserve RAM buffer [mem 0x7de17000-0x7fffffff]
Oct  7 18:04:12 kernel1 kernel: [    5.986741] NetLabel: Initializing
Oct  7 18:04:12 kernel1 kernel: [    5.990603] NetLabel:  domain hash size = 128
Oct  7 18:04:12 kernel1 kernel: [    5.998602] NetLabel:  protocols = UNLABELED CIPSOv4 CALIPSO
Oct  7 18:04:12 kernel1 kernel: [    6.002621] NetLabel:  unlabeled traffic allowed by default
Oct  7 18:04:12 kernel1 kernel: [    6.011374] hpet0: at MMIO 0xfed00000, IRQs 2, 8, 0, 0, 0, 0, 0, 0
Oct  7 18:04:12 kernel1 kernel: [    6.018605] hpet0: 8 comparators, 64-bit 14.318180 MHz counter
Oct  7 18:04:12 kernel1 kernel: [    6.026662] clocksource: Switched to clocksource tsc-early
Oct  7 18:04:12 kernel1 kernel: [    6.048773] VFS: Disk quotas dquot_6.6.0
Oct  7 18:04:12 kernel1 kernel: [    6.053288] VFS: Dquot-cache hash table entries: 512 (order 0, 4096 bytes)
Oct  7 18:04:12 kernel1 kernel: [    6.061163] pnp: PnP ACPI init
Oct  7 18:04:12 kernel1 kernel: [    6.064790] system 00:00: [mem 0xfc000000-0xfcffffff] has been reserved
Oct  7 18:04:12 kernel1 kernel: [    6.072277] system 00:00: [mem 0xfd000000-0xfdffffff] has been reserved
Oct  7 18:04:12 kernel1 kernel: [    6.079760] system 00:00: [mem 0xfe000000-0xfeafffff] has been reserved
Oct  7 18:04:12 kernel1 kernel: [    6.087246] system 00:00: [mem 0xfeb00000-0xfebfffff] has been reserved
Oct  7 18:04:12 kernel1 kernel: [    6.094734] system 00:00: Plug and Play ACPI device, IDs PNP0c01 (active)
Oct  7 18:04:12 kernel1 kernel: [    6.102593] system 00:01: [mem 0xdfffc000-0xdfffdfff] could not be reserved
Oct  7 18:04:12 kernel1 kernel: [    6.110471] system 00:01: Plug and Play ACPI device, IDs PNP0c02 (active)
Oct  7 18:04:12 kernel1 kernel: [    6.118198] pnp 00:02: Plug and Play ACPI device, IDs PNP0b00 (active)
Oct  7 18:04:12 kernel1 kernel: [    6.125728] system 00:03: [io  0x04d0-0x04d1] has been reserved
Oct  7 18:04:12 kernel1 kernel: [    6.132429] system 00:03: [mem 0x00000400-0x000004ff] could not be reserved
Oct  7 18:04:12 kernel1 kernel: [    6.140303] system 00:03: Plug and Play ACPI device, IDs PNP0c02 (active)
Oct  7 18:04:12 kernel1 kernel: [    6.148173] system 00:04: [io  0x0a00-0x0a07] has been reserved
Oct  7 18:04:12 kernel1 kernel: [    6.154885] system 00:04: Plug and Play ACPI device, IDs PNP0c02 (active)
Oct  7 18:04:12 kernel1 kernel: [    6.162674] pnp 00:05: Plug and Play ACPI device, IDs PNP0f03 PNP0f13 (active)
Oct  7 18:04:12 kernel1 kernel: [    6.171130] system 00:06: [io  0x0370-0x0371] has been reserved
Oct  7 18:04:12 kernel1 kernel: [    6.177840] system 00:06: [io  0x0a00-0x0a07] has been reserved
Oct  7 18:04:12 kernel1 kernel: [    6.184545] system 00:06: [io  0x0a10-0x0a3f] has been reserved
Oct  7 18:04:12 kernel1 kernel: [    6.191255] system 00:06: Plug and Play ACPI device, IDs PNP0c02 (active)
Oct  7 18:04:12 kernel1 kernel: [    6.199192] pnp 00:07: [dma 0 disabled]
Oct  7 18:04:12 kernel1 kernel: [    6.203638] pnp 00:07: Plug and Play ACPI device, IDs PNP0501 (active)
Oct  7 18:04:12 kernel1 kernel: [    6.211273] pnp 00:08: [dma 0 disabled]
Oct  7 18:04:12 kernel1 kernel: [    6.215711] pnp 00:08: Plug and Play ACPI device, IDs PNP0501 (active)
Oct  7 18:04:12 kernel1 kernel: [    6.223443] system 00:09: [io  0x0400-0x0453] has been reserved
Oct  7 18:04:12 kernel1 kernel: [    6.230173] system 00:09: [io  0x0458-0x047f] has been reserved
Oct  7 18:04:12 kernel1 kernel: [    6.236886] system 00:09: [io  0x1180-0x119f] has been reserved
Oct  7 18:04:12 kernel1 kernel: [    6.243595] system 00:09: [io  0x0500-0x057f] has been reserved
Oct  7 18:04:12 kernel1 kernel: [    6.250292] system 00:09: [mem 0xfed1c000-0xfed1ffff] has been reserved
Oct  7 18:04:12 kernel1 kernel: [    6.257774] system 00:09: [mem 0xfec00000-0xfecfffff] could not be reserved
Oct  7 18:04:12 kernel1 kernel: [    6.265644] system 00:09: [mem 0xff000000-0xffffffff] has been reserved
Oct  7 18:04:12 kernel1 kernel: [    6.273131] system 00:09: Plug and Play ACPI device, IDs PNP0c01 (active)
Oct  7 18:04:12 kernel1 kernel: [    6.280968] system 00:0a: [io  0x0454-0x0457] has been reserved
Oct  7 18:04:12 kernel1 kernel: [    6.287680] system 00:0a: Plug and Play ACPI device, IDs INT3f0d PNP0c02 (active)
Oct  7 18:04:12 kernel1 kernel: [    6.296373] system 00:0b: Plug and Play ACPI device, IDs PNP0c01 (active)
Oct  7 18:04:12 kernel1 kernel: [    6.304227] system 00:0c: [mem 0xfbffe000-0xfbffffff] could not be reserved
Oct  7 18:04:12 kernel1 kernel: [    6.312105] system 00:0c: Plug and Play ACPI device, IDs PNP0c02 (active)
Oct  7 18:04:12 kernel1 kernel: [    6.320041] system 00:0d: [mem 0x00000000-0x0009ffff] could not be reserved
Oct  7 18:04:12 kernel1 kernel: [    6.327918] system 00:0d: Plug and Play ACPI device, IDs PNP0c01 (active)
Oct  7 18:04:12 kernel1 kernel: [    6.335924] pnp: PnP ACPI: found 14 devices
Oct  7 18:04:12 kernel1 kernel: [    6.346740] clocksource: acpi_pm: mask: 0xffffff max_cycles: 0xffffff, max_idle_ns: 2085701024 ns
Oct  7 18:04:12 kernel1 kernel: [    6.357826] pci 0000:00:01.0: PCI bridge to [bus 01]
Oct  7 18:04:12 kernel1 kernel: [    6.363472] pci 0000:00:01.1: PCI bridge to [bus 02-03]
Oct  7 18:04:12 kernel1 kernel: [    6.369401] pci 0000:00:01.1:   bridge window [io  0x8000-0x8fff]
Oct  7 18:04:12 kernel1 kernel: [    6.376303] pci 0000:00:01.1:   bridge window [mem 0xdf900000-0xdf9fffff]
Oct  7 18:04:12 kernel1 kernel: [    6.383986] pci 0000:00:02.0: PCI bridge to [bus 04]
Oct  7 18:04:12 kernel1 kernel: [    6.389620] pci 0000:00:03.0: PCI bridge to [bus 05]
Oct  7 18:04:12 kernel1 kernel: [    6.395263] pci 0000:00:11.0: PCI bridge to [bus 06]
Oct  7 18:04:12 kernel1 kernel: [    6.400995] pci 0000:00:11.0:   bridge window [io  0x7000-0x7fff]
Oct  7 18:04:12 kernel1 kernel: [    6.407901] pci 0000:00:11.0:   bridge window [mem 0xde000000-0xde4fffff 64bit pref]
Oct  7 18:04:12 kernel1 kernel: [    6.416672] pci 0000:00:1c.0: PCI bridge to [bus 07]
Oct  7 18:04:12 kernel1 kernel: [    6.422323] pci 0000:0a:00.0: PCI bridge to [bus 0b]
Oct  7 18:04:12 kernel1 kernel: [    6.428096] pci 0000:0a:00.0:   bridge window [mem 0xdf000000-0xdf8fffff]
Oct  7 18:04:12 kernel1 kernel: [    6.435865] pci 0000:0a:00.0:   bridge window [mem 0xdd000000-0xddffffff 64bit pref]
Oct  7 18:04:12 kernel1 kernel: [    6.444825] pci 0000:09:00.0: PCI bridge to [bus 0a-0b]
Oct  7 18:04:12 kernel1 kernel: [    6.450891] pci 0000:09:00.0:   bridge window [mem 0xdf000000-0xdf8fffff]
Oct  7 18:04:12 kernel1 kernel: [    6.458659] pci 0000:09:00.0:   bridge window [mem 0xdd000000-0xddffffff 64bit pref]
Oct  7 18:04:12 kernel1 kernel: [    6.467619] pci 0000:09:01.0: PCI bridge to [bus 0c]
Oct  7 18:04:12 kernel1 kernel: [    6.473748] pci 0000:08:00.0: PCI bridge to [bus 09-0c]
Oct  7 18:04:12 kernel1 kernel: [    6.479804] pci 0000:08:00.0:   bridge window [mem 0xdf000000-0xdf8fffff]
Oct  7 18:04:12 kernel1 kernel: [    6.487562] pci 0000:08:00.0:   bridge window [mem 0xdd000000-0xddffffff 64bit pref]
Oct  7 18:04:12 kernel1 kernel: [    6.496563] pci 0000:00:1c.7: PCI bridge to [bus 08-0c]
Oct  7 18:04:12 kernel1 kernel: [    6.502484] pci 0000:00:1c.7:   bridge window [mem 0xdf000000-0xdf8fffff]
Oct  7 18:04:12 kernel1 kernel: [    6.510162] pci 0000:00:1c.7:   bridge window [mem 0xdd000000-0xddffffff 64bit pref]
Oct  7 18:04:12 kernel1 kernel: [    6.518933] pci 0000:00:1e.0: PCI bridge to [bus 0d]
Oct  7 18:04:12 kernel1 kernel: [    6.524580] pci_bus 0000:00: resource 4 [io  0x0000-0x03af window]
Oct  7 18:04:12 kernel1 kernel: [    6.531567] pci_bus 0000:00: resource 5 [io  0x03e0-0x0cf7 window]
Oct  7 18:04:12 kernel1 kernel: [    6.538553] pci_bus 0000:00: resource 6 [io  0x03b0-0x03df window]
Oct  7 18:04:12 kernel1 kernel: [    6.545541] pci_bus 0000:00: resource 7 [io  0x0d00-0x9fff window]
Oct  7 18:04:12 kernel1 kernel: [    6.552538] pci_bus 0000:00: resource 8 [mem 0x000a0000-0x000bffff window]
Oct  7 18:04:12 kernel1 kernel: [    6.560313] pci_bus 0000:00: resource 9 [mem 0x000c0000-0x000dffff window]
Oct  7 18:04:12 kernel1 kernel: [    6.568088] pci_bus 0000:00: resource 10 [mem 0xfed08000-0xfed08fff window]
Oct  7 18:04:12 kernel1 kernel: [    6.575960] pci_bus 0000:00: resource 11 [mem 0xfed0e000-0xfed0ffff window]
Oct  7 18:04:12 kernel1 kernel: [    6.583830] pci_bus 0000:00: resource 12 [mem 0x80000000-0xdfffffff window]
Oct  7 18:04:12 kernel1 kernel: [    6.591700] pci_bus 0000:02: resource 0 [io  0x8000-0x8fff]
Oct  7 18:04:12 kernel1 kernel: [    6.598015] pci_bus 0000:02: resource 1 [mem 0xdf900000-0xdf9fffff]
Oct  7 18:04:12 kernel1 kernel: [    6.605112] pci_bus 0000:06: resource 0 [io  0x7000-0x7fff]
Oct  7 18:04:12 kernel1 kernel: [    6.611428] pci_bus 0000:06: resource 2 [mem 0xde000000-0xde4fffff 64bit pref]
Oct  7 18:04:12 kernel1 kernel: [    6.619603] pci_bus 0000:08: resource 1 [mem 0xdf000000-0xdf8fffff]
Oct  7 18:04:12 kernel1 kernel: [    6.626697] pci_bus 0000:08: resource 2 [mem 0xdd000000-0xddffffff 64bit pref]
Oct  7 18:04:12 kernel1 kernel: [    6.634881] pci_bus 0000:09: resource 1 [mem 0xdf000000-0xdf8fffff]
Oct  7 18:04:12 kernel1 kernel: [    6.641975] pci_bus 0000:09: resource 2 [mem 0xdd000000-0xddffffff 64bit pref]
Oct  7 18:04:12 kernel1 kernel: [    6.650159] pci_bus 0000:0a: resource 1 [mem 0xdf000000-0xdf8fffff]
Oct  7 18:04:12 kernel1 kernel: [    6.657280] pci_bus 0000:0a: resource 2 [mem 0xdd000000-0xddffffff 64bit pref]
Oct  7 18:04:12 kernel1 kernel: [    6.665464] pci_bus 0000:0b: resource 1 [mem 0xdf000000-0xdf8fffff]
Oct  7 18:04:12 kernel1 kernel: [    6.672558] pci_bus 0000:0b: resource 2 [mem 0xdd000000-0xddffffff 64bit pref]
Oct  7 18:04:12 kernel1 kernel: [    6.680742] pci_bus 0000:0d: resource 4 [io  0x0000-0x03af window]
Oct  7 18:04:12 kernel1 kernel: [    6.687729] pci_bus 0000:0d: resource 5 [io  0x03e0-0x0cf7 window]
Oct  7 18:04:12 kernel1 kernel: [    6.694727] pci_bus 0000:0d: resource 6 [io  0x03b0-0x03df window]
Oct  7 18:04:12 kernel1 kernel: [    6.701723] pci_bus 0000:0d: resource 7 [io  0x0d00-0x9fff window]
Oct  7 18:04:12 kernel1 kernel: [    6.708720] pci_bus 0000:0d: resource 8 [mem 0x000a0000-0x000bffff window]
Oct  7 18:04:12 kernel1 kernel: [    6.716494] pci_bus 0000:0d: resource 9 [mem 0x000c0000-0x000dffff window]
Oct  7 18:04:12 kernel1 kernel: [    6.724269] pci_bus 0000:0d: resource 10 [mem 0xfed08000-0xfed08fff window]
Oct  7 18:04:12 kernel1 kernel: [    6.732140] pci_bus 0000:0d: resource 11 [mem 0xfed0e000-0xfed0ffff window]
Oct  7 18:04:12 kernel1 kernel: [    6.740010] pci_bus 0000:0d: resource 12 [mem 0x80000000-0xdfffffff window]
Oct  7 18:04:12 kernel1 kernel: [    6.747986] pci 0000:80:02.0: PCI bridge to [bus 81]
Oct  7 18:04:12 kernel1 kernel: [    6.753640] pci_bus 0000:80: resource 4 [io  0xa000-0xffff window]
Oct  7 18:04:12 kernel1 kernel: [    6.760638] pci_bus 0000:80: resource 5 [mem 0xe0000000-0xfbffffff window]
Oct  7 18:04:12 kernel1 kernel: [    6.768508] NET: Registered protocol family 2
Oct  7 18:04:12 kernel1 kernel: [    6.773819] tcp_listen_portaddr_hash hash table entries: 32768 (order: 7, 524288 bytes)
Oct  7 18:04:12 kernel1 kernel: [    6.783164] TCP established hash table entries: 524288 (order: 10, 4194304 bytes)
Oct  7 18:04:12 kernel1 kernel: [    6.792528] TCP bind hash table entries: 65536 (order: 8, 1048576 bytes)
Oct  7 18:04:12 kernel1 kernel: [    6.800268] TCP: Hash tables configured (established 524288 bind 65536)
Oct  7 18:04:12 kernel1 kernel: [    6.807895] UDP hash table entries: 32768 (order: 8, 1048576 bytes)
Oct  7 18:04:12 kernel1 kernel: [    6.815219] UDP-Lite hash table entries: 32768 (order: 8, 1048576 bytes)
Oct  7 18:04:12 kernel1 kernel: [    6.823121] NET: Registered protocol family 1
Oct  7 18:04:12 kernel1 kernel: [    6.828126] NET: Registered protocol family 44
Oct  7 18:04:12 kernel1 kernel: [    6.854746] pci 0000:00:1a.0: quirk_usb_early_handoff+0x0/0x6e0 took 21003 usecs
Oct  7 18:04:12 kernel1 kernel: [    6.886730] pci 0000:00:1d.0: quirk_usb_early_handoff+0x0/0x6e0 took 23032 usecs
Oct  7 18:04:12 kernel1 kernel: [    6.895498] pci 0000:0b:00.0: Video device with shadowed ROM at [mem 0x000c0000-0x000dffff]
Oct  7 18:04:12 kernel1 kernel: [    6.905184] PCI: CLS 64 bytes, default 64
Oct  7 18:04:12 kernel1 kernel: [    6.909822] Unpacking initramfs...
Oct  7 18:04:12 kernel1 kernel: [    7.320295] Freeing initrd memory: 22908K
Oct  7 18:04:12 kernel1 kernel: [    7.330691] PCI-DMA: Using software bounce buffering for IO (SWIOTLB)
Oct  7 18:04:12 kernel1 kernel: [    7.337985] software IO TLB: mapped [mem 0x79e17000-0x7de17000] (64MB)
Oct  7 18:04:12 kernel1 kernel: [    7.345953] RAPL PMU: API unit is 2^-32 Joules, 3 fixed counters, 163840 ms ovfl timer
Oct  7 18:04:12 kernel1 kernel: [    7.354929] RAPL PMU: hw unit of domain pp0-core 2^-16 Joules
Oct  7 18:04:12 kernel1 kernel: [    7.361453] RAPL PMU: hw unit of domain package 2^-16 Joules
Oct  7 18:04:12 kernel1 kernel: [    7.367872] RAPL PMU: hw unit of domain dram 2^-16 Joules
Oct  7 18:04:12 kernel1 kernel: [    7.376321] Scanning for low memory corruption every 60 seconds
Oct  7 18:04:12 kernel1 kernel: [    7.384624] Initialise system trusted keyrings
Oct  7 18:04:12 kernel1 kernel: [    7.389763] workingset: timestamp_bits=40 max_order=24 bucket_order=0
Oct  7 18:04:12 kernel1 kernel: [    7.400824] Key type asymmetric registered
Oct  7 18:04:12 kernel1 kernel: [    7.405500] Asymmetric key parser 'x509' registered
Oct  7 18:04:12 kernel1 kernel: [    7.411066] Block layer SCSI generic (bsg) driver version 0.4 loaded (major 247)
Oct  7 18:04:12 kernel1 kernel: [    7.419550] io scheduler noop registered
Oct  7 18:04:12 kernel1 kernel: [    7.424024] io scheduler deadline registered
Oct  7 18:04:12 kernel1 kernel: [    7.428919] io scheduler cfq registered (default)
Oct  7 18:04:12 kernel1 kernel: [    7.434271] io scheduler mq-deadline registered
Oct  7 18:04:12 kernel1 kernel: [    7.439432] io scheduler kyber registered
Oct  7 18:04:12 kernel1 kernel: [    7.444047] io scheduler bfq registered
Oct  7 18:04:12 kernel1 kernel: [    7.454193] shpchp: Standard Hot Plug PCI Controller Driver version: 0.4
Oct  7 18:04:12 kernel1 kernel: [    7.461792] intel_idle: MWAIT substates: 0x21120
Oct  7 18:04:12 kernel1 kernel: [    7.467046] intel_idle: v0.4.1 model 0x2D
Oct  7 18:04:12 kernel1 kernel: [    7.473146] intel_idle: lapic_timer_reliable_states 0xffffffff
Oct  7 18:04:12 kernel1 kernel: [    7.479919] input: Power Button as /devices/LNXSYSTM:00/LNXSYBUS:00/PNP0C0C:00/input/input0
Oct  7 18:04:12 kernel1 kernel: [    7.489408] ACPI: Power Button [PWRB]
Oct  7 18:04:12 kernel1 kernel: [    7.493666] input: Power Button as /devices/LNXSYSTM:00/LNXPWRBN:00/input/input1
Oct  7 18:04:12 kernel1 kernel: [    7.503988] ACPI: Power Button [PWRF]
Oct  7 18:04:12 kernel1 kernel: [    7.560928] ERST: Error Record Serialization Table (ERST) support is initialized.
Oct  7 18:04:12 kernel1 kernel: [    7.569433] pstore: Registered erst as persistent store backend
Oct  7 18:04:12 kernel1 kernel: [    7.576313] GHES: APEI firmware first mode is enabled by WHEA _OSC.
Oct  7 18:04:12 kernel1 kernel: [    7.583565] Serial: 8250/16550 driver, 32 ports, IRQ sharing enabled
Oct  7 18:04:12 kernel1 kernel: [    7.611301] 00:07: ttyS0 at I/O 0x3f8 (irq = 4, base_baud = 115200) is a 16550A
Oct  7 18:04:12 kernel1 kernel: [    7.640151] 00:08: ttyS1 at I/O 0x2f8 (irq = 3, base_baud = 115200) is a 16550A
Oct  7 18:04:12 kernel1 kernel: [    7.650028] Linux agpgart interface v0.103
Oct  7 18:04:12 kernel1 kernel: [    7.664714] loop: module loaded
Oct  7 18:04:12 kernel1 kernel: [    7.668906] ahci 0000:00:1f.2: version 3.0
Oct  7 18:04:12 kernel1 kernel: [    7.683970] ahci 0000:00:1f.2: AHCI 0001.0300 32 slots 6 ports 6 Gbps 0x3f impl SATA mode
Oct  7 18:04:12 kernel1 kernel: [    7.693245] ahci 0000:00:1f.2: flags: 64bit ncq sntf pm led clo pio slum part ems apst 
Oct  7 18:04:12 kernel1 kernel: [    7.759329] scsi host0: ahci
Oct  7 18:04:12 kernel1 kernel: [    7.763061] scsi host1: ahci
Oct  7 18:04:12 kernel1 kernel: [    7.766733] scsi host2: ahci
Oct  7 18:04:12 kernel1 kernel: [    7.770301] scsi host3: ahci
Oct  7 18:04:12 kernel1 kernel: [    7.773804] scsi host4: ahci
Oct  7 18:04:12 kernel1 kernel: [    7.777293] scsi host5: ahci
Oct  7 18:04:12 kernel1 kernel: [    7.780698] ata1: SATA max UDMA/133 abar m2048@0xdfa21000 port 0xdfa21100 irq 28
Oct  7 18:04:12 kernel1 kernel: [    7.789079] ata2: SATA max UDMA/133 abar m2048@0xdfa21000 port 0xdfa21180 irq 28
Oct  7 18:04:12 kernel1 kernel: [    7.797457] ata3: SATA max UDMA/133 abar m2048@0xdfa21000 port 0xdfa21200 irq 28
Oct  7 18:04:12 kernel1 kernel: [    7.805849] ata4: SATA max UDMA/133 abar m2048@0xdfa21000 port 0xdfa21280 irq 28
Oct  7 18:04:12 kernel1 kernel: [    7.814234] ata5: SATA max UDMA/133 abar m2048@0xdfa21000 port 0xdfa21300 irq 28
Oct  7 18:04:12 kernel1 kernel: [    7.822612] ata6: SATA max UDMA/133 abar m2048@0xdfa21000 port 0xdfa21380 irq 28
Oct  7 18:04:12 kernel1 kernel: [    7.831190] ehci_hcd: USB 2.0 'Enhanced' Host Controller (EHCI) Driver
Oct  7 18:04:12 kernel1 kernel: [    7.838616] ehci-pci: EHCI PCI platform driver
Oct  7 18:04:12 kernel1 kernel: [    7.843943] ehci-pci 0000:00:1a.0: EHCI Host Controller
Oct  7 18:04:12 kernel1 kernel: [    7.849894] ehci-pci 0000:00:1a.0: new USB bus registered, assigned bus number 1
Oct  7 18:04:12 kernel1 kernel: [    7.858298] ehci-pci 0000:00:1a.0: debug port 2
Oct  7 18:04:12 kernel1 kernel: [    7.867387] ehci-pci 0000:00:1a.0: cache line size of 64 is not supported
Oct  7 18:04:12 kernel1 kernel: [    7.875091] ehci-pci 0000:00:1a.0: irq 16, io mem 0xdfa23000
Oct  7 18:04:12 kernel1 kernel: [    7.894690] ehci-pci 0000:00:1a.0: USB 2.0 started, EHCI 1.00
Oct  7 18:04:12 kernel1 kernel: [    7.901288] usb usb1: New USB device found, idVendor=1d6b, idProduct=0002, bcdDevice= 4.19
Oct  7 18:04:12 kernel1 kernel: [    7.910639] usb usb1: New USB device strings: Mfr=3, Product=2, SerialNumber=1
Oct  7 18:04:12 kernel1 kernel: [    7.918836] usb usb1: Product: EHCI Host Controller
Oct  7 18:04:12 kernel1 kernel: [    7.924381] usb usb1: Manufacturer: Linux 4.19.73-15 ehci_hcd
Oct  7 18:04:12 kernel1 kernel: [    7.930897] usb usb1: SerialNumber: 0000:00:1a.0
Oct  7 18:04:12 kernel1 kernel: [    7.936271] hub 1-0:1.0: USB hub found
Oct  7 18:04:12 kernel1 kernel: [    7.940574] hub 1-0:1.0: 2 ports detected
Oct  7 18:04:12 kernel1 kernel: [    7.945559] ehci-pci 0000:00:1d.0: EHCI Host Controller
Oct  7 18:04:12 kernel1 kernel: [    7.951518] ehci-pci 0000:00:1d.0: new USB bus registered, assigned bus number 2
Oct  7 18:04:12 kernel1 kernel: [    7.959922] ehci-pci 0000:00:1d.0: debug port 2
Oct  7 18:04:12 kernel1 kernel: [    7.968975] ehci-pci 0000:00:1d.0: cache line size of 64 is not supported
Oct  7 18:04:12 kernel1 kernel: [    7.976701] ehci-pci 0000:00:1d.0: irq 23, io mem 0xdfa22000
Oct  7 18:04:12 kernel1 kernel: [    7.998688] ehci-pci 0000:00:1d.0: USB 2.0 started, EHCI 1.00
Oct  7 18:04:12 kernel1 kernel: [    8.005277] usb usb2: New USB device found, idVendor=1d6b, idProduct=0002, bcdDevice= 4.19
Oct  7 18:04:12 kernel1 kernel: [    8.014621] usb usb2: New USB device strings: Mfr=3, Product=2, SerialNumber=1
Oct  7 18:04:12 kernel1 kernel: [    8.022811] usb usb2: Product: EHCI Host Controller
Oct  7 18:04:12 kernel1 kernel: [    8.028357] usb usb2: Manufacturer: Linux 4.19.73-15 ehci_hcd
Oct  7 18:04:12 kernel1 kernel: [    8.034874] usb usb2: SerialNumber: 0000:00:1d.0
Oct  7 18:04:12 kernel1 kernel: [    8.040384] hub 2-0:1.0: USB hub found
Oct  7 18:04:12 kernel1 kernel: [    8.044685] hub 2-0:1.0: 2 ports detected
Oct  7 18:04:12 kernel1 kernel: [    8.049476] ehci-platform: EHCI generic platform driver
Oct  7 18:04:12 kernel1 kernel: [    8.055434] ohci_hcd: USB 1.1 'Open' Host Controller (OHCI) Driver
Oct  7 18:04:12 kernel1 kernel: [    8.062462] ohci-pci: OHCI PCI platform driver
Oct  7 18:04:12 kernel1 kernel: [    8.067548] ohci-platform: OHCI generic platform driver
Oct  7 18:04:12 kernel1 kernel: [    8.073512] uhci_hcd: USB Universal Host Controller Interface driver
Oct  7 18:04:12 kernel1 kernel: [    8.080820] i8042: PNP: PS/2 Controller [PNP0f03:PS2M] at 0x60,0x64 irq 12
Oct  7 18:04:12 kernel1 kernel: [    8.088601] i8042: PNP: PS/2 controller doesn't have KBD irq; using default 1
Oct  7 18:04:12 kernel1 kernel: [    8.099563] serio: i8042 KBD port at 0x60,0x64 irq 1
Oct  7 18:04:12 kernel1 kernel: [    8.105278] serio: i8042 AUX port at 0x60,0x64 irq 12
Oct  7 18:04:12 kernel1 kernel: [    8.111193] mousedev: PS/2 mouse device common for all mice
Oct  7 18:04:12 kernel1 kernel: [    8.117844] rtc_cmos 00:02: RTC can wake from S4
Oct  7 18:04:12 kernel1 kernel: [    8.123389] rtc_cmos 00:02: registered as rtc0
Oct  7 18:04:12 kernel1 kernel: [    8.128486] rtc_cmos 00:02: alarms up to one month, y3k, 114 bytes nvram, hpet irqs
Oct  7 18:04:12 kernel1 kernel: [    8.137355] softdog: initialized. soft_noboot=0 soft_margin=60 sec soft_panic=0 (nowayout=0)
Oct  7 18:04:12 kernel1 kernel: [    8.144980] ata4: SATA link up 3.0 Gbps (SStatus 123 SControl 300)
Oct  7 18:04:12 kernel1 kernel: [    8.146961] device-mapper: uevent: version 1.0.3
Oct  7 18:04:12 kernel1 kernel: [    8.153945] ata2: SATA link up 3.0 Gbps (SStatus 123 SControl 300)
Oct  7 18:04:12 kernel1 kernel: [    8.159349] device-mapper: ioctl: 4.39.0-ioctl (2018-04-03) initialised: dm-devel@redhat.com
Oct  7 18:04:12 kernel1 kernel: [    8.166201] ata5: SATA link down (SStatus 0 SControl 300)
Oct  7 18:04:12 kernel1 kernel: [    8.176095] intel_pstate: Intel P-state driver initializing
Oct  7 18:04:12 kernel1 kernel: [    8.181894] ata1: SATA link up 3.0 Gbps (SStatus 123 SControl 300)
Oct  7 18:04:12 kernel1 kernel: [    8.195195] ata3: SATA link up 3.0 Gbps (SStatus 123 SControl 300)
Oct  7 18:04:12 kernel1 kernel: [    8.202232] ata6: SATA link down (SStatus 0 SControl 300)
Oct  7 18:04:12 kernel1 kernel: [    8.208441] ata4.00: ATA-8: INTEL SSDSA2CW300G3, 4PC10362, max UDMA/133
Oct  7 18:04:12 kernel1 kernel: [    8.213150] hidraw: raw HID events driver (C) Jiri Kosina
Oct  7 18:04:12 kernel1 kernel: [    8.215936] ata4.00: 586072368 sectors, multi 16: LBA48 NCQ (depth 32)
Oct  7 18:04:12 kernel1 kernel: [    8.222086] usbcore: registered new interface driver usbhid
Oct  7 18:04:12 kernel1 kernel: [    8.229454] ata4.00: trim: supported, queued: no, zero_after_trim: yes
Oct  7 18:04:12 kernel1 kernel: [    8.229472] ata3.00: ATA-8: INTEL SSDSA2BW300G3, 4PC10362, max UDMA/133
Oct  7 18:04:12 kernel1 kernel: [    8.235778] usbhid: USB HID core driver
Oct  7 18:04:12 kernel1 kernel: [    8.243156] ata3.00: 586072368 sectors, multi 16: LBA48 NCQ (depth 32)
Oct  7 18:04:12 kernel1 kernel: [    8.243165] ata3.00: trim: supported, queued: no, zero_after_trim: yes
Oct  7 18:04:12 kernel1 kernel: [    8.251123] NET: Registered protocol family 10
Oct  7 18:04:12 kernel1 kernel: [    8.255227] ata2.00: ATA-8: Hitachi HUA722010CLA330, JP4OA3EA, max UDMA/133
Oct  7 18:04:12 kernel1 kernel: [    8.262877] Segment Routing with IPv6
Oct  7 18:04:12 kernel1 kernel: [    8.269805] ata2.00: 1953525168 sectors, multi 16: LBA48 NCQ (depth 32), AA
Oct  7 18:04:12 kernel1 kernel: [    8.274898] NET: Registered protocol family 17
Oct  7 18:04:12 kernel1 kernel: [    8.282793] ata1.00: ATA-8: Hitachi HUA722010CLA330, JP4OA3EA, max UDMA/133
Oct  7 18:04:12 kernel1 kernel: [    8.287104] 9pnet: Installing 9P2000 support
Oct  7 18:04:12 kernel1 kernel: [    8.290618] usb 1-1: new high-speed USB device number 2 using ehci-pci
Oct  7 18:04:12 kernel1 kernel: [    8.294777] ata1.00: 1953525168 sectors, multi 16: LBA48 NCQ (depth 32), AA
Oct  7 18:04:12 kernel1 kernel: [    8.294791] ata4.00: configured for UDMA/133
Oct  7 18:04:12 kernel1 kernel: [    8.294915] ata3.00: configured for UDMA/133
Oct  7 18:04:12 kernel1 kernel: [    8.299882] Key type dns_resolver registered
Oct  7 18:04:12 kernel1 kernel: [    8.308176] ata2.00: configured for UDMA/133
Oct  7 18:04:12 kernel1 kernel: [    8.347959] ata1.00: configured for UDMA/133
Oct  7 18:04:12 kernel1 kernel: [    8.350645] mce: Using 20 MCE banks
Oct  7 18:04:12 kernel1 kernel: [    8.353131] scsi 0:0:0:0: Direct-Access     ATA      Hitachi HUA72201 A3EA PQ: 0 ANSI: 5
Oct  7 18:04:12 kernel1 kernel: [    8.356869] microcode: sig=0x206d7, pf=0x1, revision=0x718
Oct  7 18:04:12 kernel1 kernel: [    8.366192] sd 0:0:0:0: Attached scsi generic sg0 type 0
Oct  7 18:04:12 kernel1 kernel: [    8.372323] sd 0:0:0:0: [sda] 1953525168 512-byte logical blocks: (1.00 TB/932 GiB)
Oct  7 18:04:12 kernel1 kernel: [    8.373287] microcode: Microcode Update Driver: v2.2.
Oct  7 18:04:12 kernel1 kernel: [    8.373297] AVX version of gcm_enc/dec engaged.
Oct  7 18:04:12 kernel1 kernel: [    8.373298] AES CTR mode by8 optimization enabled
Oct  7 18:04:12 kernel1 kernel: [    8.374263] sched_clock: Marking stable (6851774667, 1522482991)->(8817766763, -443509105)
Oct  7 18:04:12 kernel1 kernel: [    8.378608] scsi 1:0:0:0: Direct-Access     ATA      Hitachi HUA72201 A3EA PQ: 0 ANSI: 5
Oct  7 18:04:12 kernel1 kernel: [    8.386636] tsc: Refined TSC clocksource calibration: 2199.997 MHz
Oct  7 18:04:12 kernel1 kernel: [    8.386665] clocksource: tsc: mask: 0xffffffffffffffff max_cycles: 0x1fb6300e510, max_idle_ns: 440795316804 ns
Oct  7 18:04:12 kernel1 kernel: [    8.439959] usb 2-1: new high-speed USB device number 2 using ehci-pci
Oct  7 18:04:12 kernel1 kernel: [    8.439966] sd 0:0:0:0: [sda] Write Protect is off
Oct  7 18:04:12 kernel1 kernel: [    8.439980] clocksource: Switched to clocksource tsc
Oct  7 18:04:12 kernel1 kernel: [    8.442725] sd 1:0:0:0: [sdb] 1953525168 512-byte logical blocks: (1.00 TB/932 GiB)
Oct  7 18:04:12 kernel1 kernel: [    8.442725] sd 1:0:0:0: [sdb] Write Protect is off
Oct  7 18:04:12 kernel1 kernel: [    8.442725] sd 1:0:0:0: [sdb] Mode Sense: 00 3a 00 00
Oct  7 18:04:12 kernel1 kernel: [    8.442779] sd 1:0:0:0: Attached scsi generic sg1 type 0
Oct  7 18:04:12 kernel1 kernel: [    8.442725] sd 1:0:0:0: [sdb] Write cache: enabled, read cache: enabled, doesn't support DPO or FUA
Oct  7 18:04:12 kernel1 kernel: [    8.442890] scsi 2:0:0:0: Direct-Access     ATA      INTEL SSDSA2BW30 0362 PQ: 0 ANSI: 5
Oct  7 18:04:12 kernel1 kernel: [    8.443342] sd 2:0:0:0: [sdc] 586072368 512-byte logical blocks: (300 GB/279 GiB)
Oct  7 18:04:12 kernel1 kernel: [    8.443349] sd 2:0:0:0: [sdc] Write Protect is off
Oct  7 18:04:12 kernel1 kernel: [    8.443350] sd 2:0:0:0: [sdc] Mode Sense: 00 3a 00 00
Oct  7 18:04:12 kernel1 kernel: [    8.443359] sd 2:0:0:0: [sdc] Write cache: enabled, read cache: enabled, doesn't support DPO or FUA
Oct  7 18:04:12 kernel1 kernel: [    8.442907] sd 2:0:0:0: Attached scsi generic sg2 type 0
Oct  7 18:04:12 kernel1 kernel: [    8.443436] scsi 3:0:0:0: Direct-Access     ATA      INTEL SSDSA2CW30 0362 PQ: 0 ANSI: 5
Oct  7 18:04:12 kernel1 kernel: [    8.443719] sd 3:0:0:0: [sdd] 586072368 512-byte logical blocks: (300 GB/279 GiB)
Oct  7 18:04:12 kernel1 kernel: [    8.443719] sd 3:0:0:0: [sdd] Write Protect is off
Oct  7 18:04:12 kernel1 kernel: [    8.443719] sd 3:0:0:0: [sdd] Mode Sense: 00 3a 00 00
Oct  7 18:04:12 kernel1 kernel: [    8.443719] sd 3:0:0:0: [sdd] Write cache: enabled, read cache: enabled, doesn't support DPO or FUA
Oct  7 18:04:12 kernel1 kernel: [    8.443746] sd 3:0:0:0: Attached scsi generic sg3 type 0
Oct  7 18:04:12 kernel1 kernel: [    8.445829]  sdc: sdc1
Oct  7 18:04:12 kernel1 kernel: [    8.446293] sd 2:0:0:0: [sdc] Attached SCSI disk
Oct  7 18:04:12 kernel1 kernel: [    8.445620]  sdd: sdd1 sdd2
Oct  7 18:04:12 kernel1 kernel: [    8.446927] sd 3:0:0:0: [sdd] Attached SCSI disk
Oct  7 18:04:12 kernel1 kernel: [    8.454609] usb 1-1: New USB device found, idVendor=8087, idProduct=0024, bcdDevice= 0.00
Oct  7 18:04:12 kernel1 kernel: [    8.454609]  sdb: sdb1 sdb2 sdb3 sdb4
Oct  7 18:04:12 kernel1 kernel: [    8.454609] sd 1:0:0:0: [sdb] Attached SCSI disk
Oct  7 18:04:12 kernel1 kernel: [    8.456803] sd 0:0:0:0: [sda] Mode Sense: 00 3a 00 00
Oct  7 18:04:12 kernel1 kernel: [    8.456803] sd 0:0:0:0: [sda] Write cache: enabled, read cache: enabled, doesn't support DPO or FUA
Oct  7 18:04:12 kernel1 kernel: [    8.454609] usb 1-1: New USB device strings: Mfr=0, Product=0, SerialNumber=0
Oct  7 18:04:12 kernel1 kernel: [    8.523601] registered taskstats version 1
Oct  7 18:04:12 kernel1 kernel: [    8.533328]  sda: sda1 sda2 sda3 sda4
Oct  7 18:04:12 kernel1 kernel: [    8.534126] sd 0:0:0:0: [sda] Attached SCSI disk
Oct  7 18:04:12 kernel1 kernel: [    8.539675] Loading compiled-in X.509 certificates
Oct  7 18:04:12 kernel1 kernel: [    8.539692] hub 1-1:1.0: USB hub found
Oct  7 18:04:12 kernel1 kernel: [    8.548851] hub 1-1:1.0: 6 ports detected
Oct  7 18:04:12 kernel1 kernel: [    8.560373] Loaded X.509 cert 'Build time autogenerated kernel key: e03d866b888c2ab451e6a34e883cfdd587cb1cbe'
Oct  7 18:04:12 kernel1 kernel: [    8.619106] usb 2-1: New USB device found, idVendor=8087, idProduct=0024, bcdDevice= 0.00
Oct  7 18:04:12 kernel1 kernel: [    8.620077] pstore: Using compression: deflate
Oct  7 18:04:12 kernel1 kernel: [    8.625679] usb 2-1: New USB device strings: Mfr=0, Product=0, SerialNumber=0
Oct  7 18:04:12 kernel1 kernel: [    8.626068] hub 2-1:1.0: USB hub found
Oct  7 18:04:12 kernel1 kernel: [    8.639910] Key type big_key registered
Oct  7 18:04:12 kernel1 kernel: [    8.644232] hub 2-1:1.0: 8 ports detected
Oct  7 18:04:12 kernel1 kernel: [    8.650178] Key type trusted registered
Oct  7 18:04:12 kernel1 kernel: [    8.727749] Key type encrypted registered
Oct  7 18:04:12 kernel1 kernel: [    8.732906] rtc_cmos 00:02: setting system clock to 2019-10-07 15:03:56 UTC (1570460636)
Oct  7 18:04:12 kernel1 kernel: [    8.743966] Freeing unused kernel image memory: 1568K
Oct  7 18:04:12 kernel1 kernel: [    8.766710] Write protecting the kernel read-only data: 18432k
Oct  7 18:04:12 kernel1 kernel: [    8.774410] Freeing unused kernel image memory: 2008K
Oct  7 18:04:12 kernel1 kernel: [    8.780496] Freeing unused kernel image memory: 624K
Oct  7 18:04:12 kernel1 kernel: [    8.786338] Run /init as init process
Oct  7 18:04:12 kernel1 kernel: [    8.801997] random: systemd-udevd: uninitialized urandom read (16 bytes read)
Oct  7 18:04:12 kernel1 kernel: [    8.802790] random: udevadm: uninitialized urandom read (16 bytes read)
Oct  7 18:04:12 kernel1 kernel: [    8.811106] random: systemd-udevd: uninitialized urandom read (16 bytes read)
Oct  7 18:04:12 kernel1 kernel: [    8.893473] dca service started, version 1.12.1
Oct  7 18:04:12 kernel1 kernel: [    8.906481] igb: Intel(R) Gigabit Ethernet Network Driver - version 5.4.0-k
Oct  7 18:04:12 kernel1 kernel: [    8.914362] igb: Copyright (c) 2007-2014 Intel Corporation.
Oct  7 18:04:12 kernel1 kernel: [    8.914616] usb 1-1.3: new full-speed USB device number 3 using ehci-pci
Oct  7 18:04:12 kernel1 kernel: [    8.928963] isci: Intel(R) C600 SAS Controller Driver - version 1.2.0
Oct  7 18:04:12 kernel1 kernel: [    8.936298] isci 0000:06:00.0: driver configured for rev: 6 silicon
Oct  7 18:04:12 kernel1 kernel: [    8.943446] isci 0000:06:00.0: OEM parameter table found in OROM
Oct  7 18:04:12 kernel1 kernel: [    8.959561] isci 0000:06:00.0: OEM SAS parameters (version: 1.0) loaded (platform)
Oct  7 18:04:12 kernel1 kernel: [    8.968355] isci 0000:06:00.0: SCU controller 0: phy 3-0 cables: {short, short, short, short}
Oct  7 18:04:12 kernel1 kernel: [    8.980390] scsi host6: isci
Oct  7 18:04:12 kernel1 kernel: [    8.997207] [TTM] Zone  kernel: Available graphics memory: 32899884 kiB
Oct  7 18:04:12 kernel1 kernel: [    8.997797] random: fast init done
Oct  7 18:04:12 kernel1 kernel: [    9.004694] [TTM] Zone   dma32: Available graphics memory: 2097152 kiB
Oct  7 18:04:12 kernel1 kernel: [    9.015952] [TTM] Initializing pool allocator
Oct  7 18:04:12 kernel1 kernel: [    9.033357] [TTM] Initializing DMA pool allocator
Oct  7 18:04:12 kernel1 kernel: [    9.038727] igb 0000:02:00.0: added PHC on eth0
Oct  7 18:04:12 kernel1 kernel: [    9.043887] igb 0000:02:00.0: Intel(R) Gigabit Ethernet Network Connection
Oct  7 18:04:12 kernel1 kernel: [    9.051657] igb 0000:02:00.0: eth0: (PCIe:5.0Gb/s:Width x4) 00:25:90:94:62:82
Oct  7 18:04:12 kernel1 kernel: [    9.059798] igb 0000:02:00.0: eth0: PBA No: 104900-000
Oct  7 18:04:12 kernel1 kernel: [    9.065638] igb 0000:02:00.0: Using MSI-X interrupts. 8 rx queue(s), 8 tx queue(s)
Oct  7 18:04:12 kernel1 kernel: [    9.104397] fbcon: mgadrmfb (fb0) is primary device
Oct  7 18:04:12 kernel1 kernel: [    9.136926] md/raid1:md1: active with 2 out of 2 mirrors
Oct  7 18:04:12 kernel1 kernel: [    9.136945] md1: detected capacity change from 0 to 99933356032
Oct  7 18:04:12 kernel1 kernel: [    9.156584] usb 1-1.3: New USB device found, idVendor=046b, idProduct=ff10, bcdDevice= 1.00
Oct  7 18:04:12 kernel1 kernel: [    9.156585] usb 1-1.3: New USB device strings: Mfr=1, Product=2, SerialNumber=0
Oct  7 18:04:12 kernel1 kernel: [    9.156586] usb 1-1.3: Product: Virtual Keyboard and Mouse
Oct  7 18:04:12 kernel1 kernel: [    9.156587] usb 1-1.3: Manufacturer: American Megatrends Inc.
Oct  7 18:04:12 kernel1 kernel: [    9.158595] input: American Megatrends Inc. Virtual Keyboard and Mouse as /devices/pci0000:00/0000:00:1a.0/usb1/1-1/1-1.3/1-1.3:1.0/0003:046B:FF10.0001/input/input5
Oct  7 18:04:12 kernel1 kernel: [    9.158836] hid-generic 0003:046B:FF10.0001: input,hidraw0: USB HID v1.10 Keyboard [American Megatrends Inc. Virtual Keyboard and Mouse] on usb-0000:00:1a.0-1.3/input0
Oct  7 18:04:12 kernel1 kernel: [    9.159781] input: American Megatrends Inc. Virtual Keyboard and Mouse as /devices/pci0000:00/0000:00:1a.0/usb1/1-1/1-1.3/1-1.3:1.1/0003:046B:FF10.0002/input/input6
Oct  7 18:04:12 kernel1 kernel: [    9.159964] hid-generic 0003:046B:FF10.0002: input,hidraw1: USB HID v1.10 Mouse [American Megatrends Inc. Virtual Keyboard and Mouse] on usb-0000:00:1a.0-1.3/input1
Oct  7 18:04:12 kernel1 kernel: [    9.177118] igb 0000:02:00.1: added PHC on eth1
Oct  7 18:04:12 kernel1 kernel: [    9.177119] igb 0000:02:00.1: Intel(R) Gigabit Ethernet Network Connection
Oct  7 18:04:12 kernel1 kernel: [    9.177120] igb 0000:02:00.1: eth1: (PCIe:5.0Gb/s:Width x4) 00:25:90:94:62:83
Oct  7 18:04:12 kernel1 kernel: [    9.177192] igb 0000:02:00.1: eth1: PBA No: 104900-000
Oct  7 18:04:12 kernel1 kernel: [    9.177193] igb 0000:02:00.1: Using MSI-X interrupts. 8 rx queue(s), 8 tx queue(s)
Oct  7 18:04:12 kernel1 kernel: [    9.200974] Console: switching to colour frame buffer device 128x48
