<4>[11008501.993769] 7zr: page allocation stalls for 10004ms, order:0, mode:0x24201ca, nodemask=(null)
<4>[11008501.993777] CPU: 14 PID: 253647 Comm: 7zr Not tainted 4.4.171-70.1 #1
<4>[11008501.993780] Hardware name: Aquarius Aquarius Server/X9DRFF(-7), BIOS 3.00 10/30/2014
<4>[11008501.993781] Call Trace:
<4>[11008501.993789]  dump_stack+0x63/0x84
<4>[11008501.993795]  __alloc_pages_nodemask+0xad2/0xd10
<4>[11008501.993800]  alloc_pages_current+0x91/0x120
<4>[11008501.993802]  __page_cache_alloc+0xe0/0x110
<4>[11008501.993806]  filemap_fault+0x3a2/0x510
<4>[11008501.993811]  ext4_filemap_fault+0x41/0x60
<4>[11008501.993814]  __do_fault+0x63/0xe0
<4>[11008501.993817]  handle_mm_fault+0xd17/0x1850
<4>[11008501.993820]  ? vma_merge+0x24a/0x330
<4>[11008501.993825]  __do_page_fault+0x1aa/0x480
<4>[11008501.993828]  do_page_fault+0x2b/0x40
<4>[11008501.993831]  page_fault+0x28/0x30
<4>[11008501.993833] Mem-Info:
<4>[11008501.993846] active_anon:16004904 inactive_anon:13764 isolated_anon:0
<4>[11008501.993846]  active_file:685 inactive_file:206 isolated_file:0
<4>[11008501.993846]  unevictable:4006 dirty:0 writeback:0 unstable:0
<4>[11008501.993846]  slab_reclaimable:122487 slab_unreclaimable:58456
<4>[11008501.993846]  mapped:16477 shmem:28647 pagetables:46473 bounce:0
<4>[11008501.993846]  free:68071 free_pcp:12179 free_cma:0
<4>[11008501.993851] Node 0 DMA free:15884kB min:20kB low:32kB high:44kB active_anon:0kB inactive_anon:0kB active_file:0kB inactive_file:0kB unevictable:0kB isolated(anon):0kB isolated(file):0kB present:15972
kB managed:15884kB mlocked:0kB dirty:0kB writeback:0kB mapped:0kB shmem:0kB slab_reclaimable:0kB slab_unreclaimable:0kB kernel_stack:0kB pagetables:0kB unstable:0kB bounce:0kB free_pcp:0kB local_pcp:0kB free_
cma:0kB writeback_tmp:0kB pages_scanned:0 all_unreclaimable? yes
<4>[11008501.993857] lowmem_reserve[]: 0 1792 31997 31997
<4>[11008501.993862] Node 0 DMA32 free:126964kB min:2480kB low:4292kB high:6104kB active_anon:1639844kB inactive_anon:64kB active_file:28kB inactive_file:8kB unevictable:412kB isolated(anon):0kB isolated(file
):0kB present:2046608kB managed:1835064kB mlocked:412kB dirty:0kB writeback:0kB mapped:8kB shmem:960kB slab_reclaimable:22300kB slab_unreclaimable:10296kB kernel_stack:1024kB pagetables:5412kB unstable:0kB bo
unce:0kB free_pcp:9320kB local_pcp:708kB free_cma:0kB writeback_tmp:0kB pages_scanned:8785 all_unreclaimable? yes
<4>[11008501.993868] lowmem_reserve[]: 0 0 30205 30205
<4>[11008501.993871] Node 0 Normal free:57380kB min:42364kB low:73292kB high:104220kB active_anon:30175024kB inactive_anon:15680kB active_file:2420kB inactive_file:556kB unevictable:14588kB isolated(anon):0kB
 isolated(file):0kB present:31457280kB managed:30930552kB mlocked:14588kB dirty:0kB writeback:0kB mapped:24208kB shmem:46408kB slab_reclaimable:220476kB slab_unreclaimable:118892kB kernel_stack:15904kB pageta
bles:90220kB unstable:0kB bounce:0kB free_pcp:21280kB local_pcp:692kB free_cma:0kB writeback_tmp:0kB pages_scanned:8443 all_unreclaimable? yes
<4>[11008501.993877] lowmem_reserve[]: 0 0 0 0
<4>[11008501.993880] Node 1 Normal free:72056kB min:45240kB low:78264kB high:111288kB active_anon:32204748kB inactive_anon:39312kB active_file:292kB inactive_file:260kB unevictable:1024kB isolated(anon):0kB i
solated(file):0kB present:33554432kB managed:33027468kB mlocked:1024kB dirty:0kB writeback:0kB mapped:41692kB shmem:67220kB slab_reclaimable:247172kB slab_unreclaimable:104636kB kernel_stack:14176kB pagetable
s:90260kB unstable:0kB bounce:0kB free_pcp:18116kB local_pcp:208kB free_cma:0kB writeback_tmp:0kB pages_scanned:4418 all_unreclaimable? yes
<4>[11008501.993885] lowmem_reserve[]: 0 0 0 0
<4>[11008501.993888] Node 0 DMA: 1*4kB (U) 1*8kB (U) 0*16kB 0*32kB 2*64kB (U) 1*128kB (U) 1*256kB (U) 0*512kB 1*1024kB (U) 1*2048kB (M) 3*4096kB (M) = 15884kB
<4>[11008501.993901] Node 0 DMA32: 145*4kB (UME) 438*8kB (UMEH) 880*16kB (UMEH) 790*32kB (UMEH) 451*64kB (UMEH) 195*128kB (UMEH) 86*256kB (UEH) 13*512kB (UMH) 1*1024kB (H) 0*2048kB 0*4096kB = 126964kB
<4>[11008501.993915] Node 0 Normal: 6026*4kB (UMEH) 2061*8kB (UMEH) 177*16kB (UEH) 120*32kB (H) 73*64kB (H) 34*128kB (H) 11*256kB (H) 4*512kB (H) 0*1024kB 1*2048kB (H) 0*4096kB = 63200kB
<4>[11008501.993929] Node 1 Normal: 5400*4kB (UMEH) 2766*8kB (UMEH) 333*16kB (UMEH) 173*32kB (H) 93*64kB (H) 46*128kB (H) 15*256kB (H) 3*512kB (H) 0*1024kB 0*2048kB 0*4096kB = 71808kB
<6>[11008501.993944] Node 0 hugepages_total=0 hugepages_free=0 hugepages_surp=0 hugepages_size=2048kB
<6>[11008501.993947] Node 1 hugepages_total=0 hugepages_free=0 hugepages_surp=0 hugepages_size=2048kB
<4>[11008501.993948] 31337 total pagecache pages
<4>[11008501.993950] 0 pages in swap cache
<4>[11008501.993952] Swap cache stats: add 0, delete 0, find 0/0
<4>[11008501.993953] Free swap  = 0kB
<4>[11008501.993954] Total swap = 0kB
<4>[11008501.993957] 16768573 pages RAM
<4>[11008501.993958] 0 pages HighMem/MovableOnly
<4>[11008501.993959] 316331 pages reserved
<4>[11008501.993961] 0 pages hwpoisoned
