<4>[3186495.634144] dump_kmsg: 14 callbacks suppressed
<4>[3186495.634982] kworker/u66:3: page allocation failure: order:0, mode:0x2080020
<4>[3186495.634984] CPU: 8 PID: 49203 Comm: kworker/u66:3 Tainted: G        W    L  4.4.171-70.1 #1
<4>[3186495.634986] Hardware name: AIC 1D-HV24-02/MB-DPSB04-04, BIOS IVYBV060 10/21/2015
<4>[3186495.634988] Workqueue: writeback wb_workfn (flush-8:32)
<4>[3186495.634990] Call Trace:
<4>[3186495.634991]  <IRQ>
<4>[3186495.634994]  dump_stack+0x63/0x84
<4>[3186495.634996]  warn_alloc_failed+0xe8/0x140
<4>[3186495.634999]  __alloc_pages_nodemask+0xb3d/0xd10
<4>[3186495.635002]  alloc_pages_node+0x66/0xa0
<4>[3186495.635005]  __alloc_page_frag+0x11e/0x140
<4>[3186495.635125] Mem-Info:
<4>[3186495.635130] active_anon:3692108 inactive_anon:66709 isolated_anon:0
<4>[3186495.635130]  active_file:4177064 inactive_file:4058997 isolated_file:0
<4>[3186495.635130]  unevictable:50059 dirty:111956 writeback:0 unstable:0
<4>[3186495.635130]  slab_reclaimable:1244460 slab_unreclaimable:52120662
<4>[3186495.635130]  mapped:468979 shmem:69378 pagetables:43185 bounce:0
<4>[3186495.635130]  free:139119 free_pcp:12123 free_cma:0
<4>[3186495.635134] Node 0 DMA free:15884kB min:4kB low:16kB high:28kB active_anon:0kB inactive_anon:0kB active_file:0kB inactive_file:0kB unevictable:0kB isolated(anon):0kB isolated(file):0kB present:15972kB
 managed:15884kB mlocked:0kB dirty:0kB writeback:0kB mapped:0kB shmem:0kB slab_reclaimable:0kB slab_unreclaimable:0kB kernel_stack:0kB pagetables:0kB unstable:0kB bounce:0kB free_pcp:0kB local_pcp:0kB free_cm
a:0kB writeback_tmp:0kB pages_scanned:0 all_unreclaimable? yes
<4>[3186495.635139] lowmem_reserve[]: 0 1790 128764 128764
<4>[3186495.635143] Node 0 DMA32 free:508060kB min:616kB low:2424kB high:4232kB active_anon:128172kB inactive_anon:528kB active_file:182872kB inactive_file:152048kB unevictable:1948kB isolated(anon):0kB isola
ted(file):0kB present:2045148kB managed:1833604kB mlocked:1948kB dirty:744kB writeback:0kB mapped:13676kB shmem:1024kB slab_reclaimable:40600kB slab_unreclaimable:803560kB kernel_stack:64kB pagetables:1428kB
unstable:0kB bounce:0kB free_pcp:12780kB local_pcp:4kB free_cma:0kB writeback_tmp:0kB pages_scanned:0 all_unreclaimable? no
<4>[3186495.635148] lowmem_reserve[]: 0 0 126973 126973
<4>[3186495.635151] Node 0 Normal free:16148kB min:44384kB low:174404kB high:304424kB active_anon:8762180kB inactive_anon:63948kB active_file:9733268kB inactive_file:9363048kB unevictable:105080kB isolated(an
on):0kB isolated(file):0kB present:132120576kB managed:130020940kB mlocked:105080kB dirty:180860kB writeback:148kB mapped:913180kB shmem:67728kB slab_reclaimable:2630864kB slab_unreclaimable:98779852kB kernel
_stack:140512kB pagetables:68664kB unstable:0kB bounce:0kB free_pcp:16944kB local_pcp:752kB free_cma:0kB writeback_tmp:0kB pages_scanned:85 all_unreclaimable? no
<4>[3186495.635158] lowmem_reserve[]: 0 0 0 0
<4>[3186495.635161] Node 1 Normal free:16384kB min:45100kB low:177216kB high:309332kB active_anon:5878080kB inactive_anon:202360kB active_file:6792116kB inactive_file:6720892kB unevictable:93208kB isolated(an
on):0kB isolated(file):0kB present:134217728kB managed:132117860kB mlocked:93208kB dirty:266220kB writeback:20kB mapped:949060kB shmem:208760kB slab_reclaimable:2306376kB slab_unreclaimable:108899236kB kernel
_stack:114784kB pagetables:102648kB unstable:0kB bounce:0kB free_pcp:18768kB local_pcp:732kB free_cma:0kB writeback_tmp:0kB pages_scanned:18446744073709551549 all_unreclaimable? no
<4>[3186495.635166] lowmem_reserve[]: 0 0 0 0
<4>[3186495.635169] Node 0 DMA: 1*4kB (U) 1*8kB (U) 0*16kB 0*32kB 2*64kB (U) 1*128kB (U) 1*256kB (U) 0*512kB 1*1024kB (U) 1*2048kB (M) 3*4096kB (M) = 15884kB
<4>[3186495.635180] Node 0 DMA32: 864*4kB (MEH) 2186*8kB (UMEH) 1529*16kB (UME) 968*32kB (UMEH) 960*64kB (UME) 745*128kB (UMEH) 365*256kB (UMEH) 192*512kB (UMEH) 81*1024kB (ME) 0*2048kB 0*4096kB = 507872kB
<4>[3186495.635192] Node 0 Normal: 4330*4kB (MH) 1*8kB (H) 0*16kB 2*32kB (UH) 0*64kB 0*128kB 0*256kB 0*512kB 0*1024kB 0*2048kB 0*4096kB = 17392kB
<4>[3186495.635201] Node 1 Normal: 4349*4kB (UMH) 1*8kB (H) 0*16kB 0*32kB 0*64kB 0*128kB 0*256kB 0*512kB 0*1024kB 0*2048kB 0*4096kB = 17404kB
<6>[3186495.635209] Node 0 hugepages_total=0 hugepages_free=0 hugepages_surp=0 hugepages_size=2048kB
<6>[3186495.635211] Node 1 hugepages_total=0 hugepages_free=0 hugepages_surp=0 hugepages_size=2048kB
<4>[3186495.635212] 8327746 total pagecache pages
<4>[3186495.635213] 0 pages in swap cache
<4>[3186495.635215] Swap cache stats: add 0, delete 0, find 0/0
<4>[3186495.635216] Free swap  = 0kB
<4>[3186495.635217] Total swap = 0kB
<4>[3186495.635218] 67099856 pages RAM
<4>[3186495.635219] 0 pages HighMem/MovableOnly
<4>[3186495.635220] 1102784 pages reserved
<4>[3186495.635221] 1 pages hwpoisoned
